Archive member included because of file (symbol)

../../Compiler/SGL_302j/LIB_COFF/SEGA_SYS.A(sys_exit.o)
                              ../../jo_engine/core.o (SYS_Exit)
../../Compiler/SGL_302j/LIB_COFF/SEGA_SYS.A(sys_sub.o)
                              ../../Compiler/SGL_302j/LIB_COFF/SEGA_SYS.A(sys_exit.o) (SYSUB_SetStackptr)
../../Compiler/SGL_302j/LIB_COFF/LIBCD.A(CDC_DRV.O)
                              ../../jo_engine/audio.o (CDC_CdPlay)
../../Compiler/SGL_302j/LIB_COFF/LIBCD.A(CDC_CMN.O)
                              ../../Compiler/SGL_302j/LIB_COFF/SEGA_SYS.A(sys_exit.o) (CDC_GetCurStat)
../../Compiler/SGL_302j/LIB_COFF/LIBCD.A(GFS.O)
                              ../../jo_engine/fs.o (GFS_Init)
../../Compiler/SGL_302j/LIB_COFF/LIBCD.A(CDC_REG.O)
                              ../../Compiler/SGL_302j/LIB_COFF/SEGA_SYS.A(sys_exit.o) (CDC_GetHirqReq)
../../Compiler/SGL_302j/LIB_COFF/LIBCD.A(CDC_CFS.O)
                              ../../Compiler/SGL_302j/LIB_COFF/SEGA_SYS.A(sys_exit.o) (CDC_ChgDir)
../../Compiler/SGL_302j/LIB_COFF/LIBCD.A(CDC_SUB.O)
                              ../../Compiler/SGL_302j/LIB_COFF/LIBCD.A(CDC_CMN.O) (CDSUB_UpdStatus)
../../Compiler/SGL_302j/LIB_COFF/LIBCD.A(GFS_CDF.O)
                              ../../Compiler/SGL_302j/LIB_COFF/LIBCD.A(GFS.O) (GFCF_Init)
../../Compiler/SGL_302j/LIB_COFF/LIBCD.A(GFS_DIR.O)
                              ../../Compiler/SGL_302j/LIB_COFF/LIBCD.A(GFS.O) (GFDR_SetupDirTbl)
../../Compiler/SGL_302j/LIB_COFF/LIBCD.A(GFS_TRN.O)
                              ../../Compiler/SGL_302j/LIB_COFF/LIBCD.A(GFS.O) (GFTR_Setup)
../../Compiler/SGL_302j/LIB_COFF/LIBCD.A(GFS_BUF.O)
                              ../../Compiler/SGL_302j/LIB_COFF/LIBCD.A(GFS.O) (GFBF_GetNumData)
../../Compiler/SGL_302j/LIB_COFF/LIBCD.A(GFS_CDB.O)
                              ../../Compiler/SGL_302j/LIB_COFF/LIBCD.A(GFS_CDF.O) (GFCB_Setup)
../../Compiler/SGL_302j/LIB_COFF/LIBCD.A(GFS_CDC.O)
                              ../../Compiler/SGL_302j/LIB_COFF/LIBCD.A(GFS.O) (GFCD_SetCdbfs)
../../Compiler/SGL_302j/LIB_COFF/LIBCD.A(CDC_BIO.O)
                              ../../Compiler/SGL_302j/LIB_COFF/LIBCD.A(GFS_CDC.O) (CDC_SetSctLen)
../../Compiler/SGL_302j/LIB_COFF/LIBCD.A(CDC_SEL.O)
                              ../../Compiler/SGL_302j/LIB_COFF/LIBCD.A(GFS_CDC.O) (CDC_SetFiltRange)
../../Compiler/SGL_302j/LIB_COFF/LIBCD.A(CDC_BIF.O)
                              ../../Compiler/SGL_302j/LIB_COFF/LIBCD.A(GFS_CDC.O) (CDC_GetBufSiz)
../../Compiler/SGL_302j/LIB_COFF/LIBCD.A(CDC_DEV.O)
                              ../../Compiler/SGL_302j/LIB_COFF/LIBCD.A(GFS_CDC.O) (CDC_CdSetCon)
../../Compiler/SGL_302j/LIB_COFF/LIBSGL.A(sglH00.o)
                              main.o (Smpc_Peripheral)
../../Compiler/SGL_302j/LIB_COFF/LIBSGL.A(sglG01.o)
                              ../../jo_engine/audio.o (slSndVolume)
../../Compiler/SGL_302j/LIB_COFF/LIBSGL.A(sglG00.o)
                              ../../jo_engine/audio.o (slInitSound)
../../Compiler/SGL_302j/LIB_COFF/LIBSGL.A(sglG19.o)
                              ../../jo_engine/audio.o (slCDDAOn)
../../Compiler/SGL_302j/LIB_COFF/LIBSGL.A(sglG25.o)
                              ../../jo_engine/audio.o (slPCMStat)
../../Compiler/SGL_302j/LIB_COFF/LIBSGL.A(sglG21.o)
                              ../../jo_engine/audio.o (slPCMOn)
../../Compiler/SGL_302j/LIB_COFF/LIBSGL.A(sglG22.o)
                              ../../jo_engine/audio.o (slPCMOff)
../../Compiler/SGL_302j/LIB_COFF/LIBSGL.A(sglD00.o)
                              ../../jo_engine/sprites.o (slDMACopy)
../../Compiler/SGL_302j/LIB_COFF/LIBSGL.A(sglA15.o)
                              ../../jo_engine/core.o (slSlaveFunc)
../../Compiler/SGL_302j/LIB_COFF/LIBSGL.A(sglI01.o)
                              ../../jo_engine/core.o (slSynch)
../../Compiler/SGL_302j/LIB_COFF/LIBSGL.A(sglF00.o)
                              ../../jo_engine/core.o (slCurColor)
../../Compiler/SGL_302j/LIB_COFF/LIBSGL.A(sglIc0.o)
                              ../../jo_engine/core.o (slInitSystem)
../../Compiler/SGL_302j/LIB_COFF/LIBSGL.A(sglB001.o)
                              ../../jo_engine/core.o (slTVOn)
../../Compiler/SGL_302j/LIB_COFF/LIBSGL.A(sglB063.o)
                              ../../jo_engine/core.o (slPriority)
../../Compiler/SGL_302j/LIB_COFF/LIBSGL.A(sglB016.o)
                              ../../jo_engine/core.o (slBack1ColSet)
../../Compiler/SGL_302j/LIB_COFF/LIBSGL.A(sglB200.o)
                              ../../jo_engine/core.o (slCharNbg0)
../../Compiler/SGL_302j/LIB_COFF/LIBSGL.A(sglB056.o)
                              ../../jo_engine/core.o (slPlaneNbg1)
../../Compiler/SGL_302j/LIB_COFF/LIBSGL.A(sglB032.o)
                              ../../jo_engine/core.o (slMapNbg1)
../../Compiler/SGL_302j/LIB_COFF/LIBSGL.A(sglB011.o)
                              ../../jo_engine/core.o (slBitMapNbg1)
../../Compiler/SGL_302j/LIB_COFF/LIBSGL.A(sglB053.o)
[...]
Memory Configuration

Name             Origin             Length             Attributes
*default*        0x00000000         0xffffffff

Linker script and memory map

TARGET(coff-sh)

SLSTART         0x06004000       0x30
                0x06004000                ___Start = .
 *(SLSTART)
 SLSTART        0x06004000       0x28 ../../Compiler/SGL_302j/LIB_COFF/LIBSGL.A(sglI00.o)
                0x06004002                slStartSGL
                0x06004000                SGL_Start

.text           0x06004040    0x56f80
 *(.text)
 .text          0x06004040    0x40a60 main.o
                0x06004040                SpriteBg
                0x060441e0                jo_main
                0x06044840                my_gamepad
                0x060440a4                init_game
                0x06044238                next_level
                0x060445ca                my_draw
                0x06044308                restart_game
 .text          0x06044aa0      0x790 ../../jo_engine/tga.o
                0x060450f0                jo_tga_loader_from_stream
                0x06045020                jo_sprite_add_tga
                0x06045190                jo_sprite_add_tga_from_stream
                0x06044f7c                jo_tga_loader
                0x06044c16                jo_sprite_add_tga_tileset
                0x06044ade                __jo_tga_load
 .text          0x06045230      0x430 ../../jo_engine/audio.o
                0x06045294                jo_audio_init
                0x06045498                jo_audio_usage_percent
                0x06045506                jo_audio_free_pcm
                0x06045274                jo_audio_stop_cd
                0x0604532e                jo_audio_play_sound_on_channel
                0x06045402                jo_audio_play_sound
                0x06045554                jo_audio_stop_sound
                0x060455fe                jo_audio_load_pcm
                0x06045230                jo_audio_play_cd_track
                0x06045268                jo_audio_set_volume
 .text          0x06045660      0x9c0 ../../jo_engine/fs.o
                0x06045f1c                jo_fs_seek_forward
                0x06045d50                jo_fs_read_file
                0x06045cda                jo_fs_set_read_sector_count
                0x0604567e                jo_fs_init
                0x06045a76                jo_fs_open
                0x0604585a                jo_fs_read_file_async
                0x06045c68                jo_fs_close
                0x06045b84                jo_fs_read_next_bytes
                0x060459c4                jo_fs_cd
                0x06045704                jo_fs_do_background_jobs
                0x06045ea8                jo_fs_read_file_in_dir
 .text          0x06046020      0x420 ../../jo_engine/storyboard.o
                0x06046090                jo_execute_storyboards
                0x06046040                jo_storyboard_create_animation
                0x0604636c                jo_storyboard_create
                0x06046020                jo_init_storyboards
                0x060463c4                jo_storyboard_destroy
 .text          0x06046440      0x570 ../../jo_engine/font.o
                0x0604674c                jo_font_print_centered
                0x0604689a                jo_font_print
                0x060464b6                jo_font_load
 .text          0x060469b0       0x50 ../../jo_engine/input.o
                0x060469b0                jo_get_input_type
 .text          0x06046a00      0x9b0 ../../jo_engine/core.o
                0x06046a24                jo_core_wait_for_slave
                0x06046abe                jo_core_suspend
                0x06046fba                jo_core_add_callback
                0x06046a44                jo_core_exec_on_slave
                0x060472c4                jo_core_run
                0x06046e92                jo_core_remove_slave_callback
                0x06046e14                jo_dump_vdp1_registers
                0x06046a58                jo_goto_boot_menu
                0x06046f02                jo_core_add_slave_callback
                0x06046c2a                __jo_core_error
                0x06046f64                jo_core_remove_callback
                0x06046da0                jo_dump_vdp2_registers
                0x06047056                jo_core_init
                0x06046a64                main
 .text          0x060473b0      0x3c0 ../../jo_engine/math.o
                0x060473b0                jo_random
                0x060476ac                jo_planar_rotate
                0x060475e4                jo_sqrt
                0x06047650                jo_gcd
                0x06047424                jo_atan2f_rad
 .text          0x06047770      0x400 ../../jo_engine/malloc.o
                0x06047aec                jo_memory_fragmentation
                0x060479bc                jo_memory_usage_percent
                0x06047770                jo_add_memory_zone
                0x06047928                jo_free
                0x06047804                jo_malloc_with_behaviour
 .text          0x06047b70      0x450 ../../jo_engine/tools.o
                0x06047f2c                jo_endwith
                0x06047dd0                jo_getdate
                0x06047c1a                jo_clear_screen
                0x06047cd2                jo_strlen
                0x06047bd8                jo_get_current_language
                0x06047c66                jo_tools_atoi
                0x06047b88                jo_print
                0x06047d1c                jo_memset
                0x06047d70                jo_map_to_vram
 .text          0x06047fc0      0x8a0 ../../jo_engine/sprites.o
                0x06048448                jo_sprite_usage_percent
                0x0604869e                jo_sprite_add_8bits_image
                0x06048752                jo_sprite_draw
                0x06047fc0                jo_get_last_sprite_id
                0x06048048                jo_sprite_init
                0x06048092                jo_sprite_name2id
                0x06048162                jo_sprite_draw_rotate
                0x06048344                jo_sprite_replace
                0x06048104                jo_set_gouraud_shading_colors
                0x06047fcc                jo_sprite_free_from
                0x0604812c                jo_set_gouraud_shading_brightness
                0x060486fa                jo_sprite_add
 .text          0x06048860      0x8e0 ../../jo_engine/map.o
                0x06048f18                jo_map_per_pixel_vertical_collision
                0x06049060                jo_map_draw
                0x0604887e                jo_map_create
                0x060489cc                jo_map_add_tile
                0x060489f0                jo_map_add_animated_tile
                0x06048c1a                jo_map_load_from_file
                0x06048aa0                jo_map_free
                0x06048ab8                jo_map_move_tiles_by_attribute
                0x06048b28                jo_map_hitbox_detection_custom_boundaries
                0x06048a14                jo_map_draw_background
 .text          0x06049140       0xf0 ../../jo_engine/list.o
                0x06049140                jo_list_remove
                0x06049184                jo_list_init
                0x060491ae                jo_list_add
 .text          0x06049230      0x280 ../../jo_engine/sprite_animator.o
                0x06049488                jo_clear_all_sprite_anim
                0x060493cc                jo_create_sprite_anim
                0x060492ee                jo_replace_sprite_anim
 .text          0x060494b0      0x800 ../../jo_engine/image.o
                0x060494c8                jo_free_img
                0x06049b72                jo_sprite_add_image_pack
                0x06049592                __jo_bin_load
                0x06049522                jo_replace_color
                0x06049920                jo_sprite_add_bin_from_stream
                0x060497fe                jo_bin_loader_from_stream
                0x06049646                jo_sprite_add_bin_tileset
                0x060499c0                jo_bin_loader
                0x06049a52                jo_sprite_add_bin
 .text          0x06049cb0      0x170 ../../jo_engine/background.o
                0x06049dd0                jo_clear_background
                0x06049d40                jo_set_background_sprite
                0x06049cb0                jo_draw_background_line
 .text          0x06049e20      0x120 ../../jo_engine/time.o
                0x06049f0c                jo_time_init
                0x06049e20                jo_get_ticks
 .text          0x06049f40      0x238 ../../Compiler/SGL_302j/LIB_COFF/SEGA_SYS.A(sys_exit.o)
                0x06049f60                SYS_Exit
                0x06049f40                sys_version
 *fill*         0x0604a178        0x8 00
 .text          0x0604a180        0x6 ../../Compiler/SGL_302j/LIB_COFF/SEGA_SYS.A(sys_sub.o)
                0x0604a180                SYSUB_SetStackptr
 *fill*         0x0604a186        0xa 00
 .text          0x0604a190      0x130 ../../Compiler/SGL_302j/LIB_COFF/LIBCD.A(CDC_DRV.O)
                0x0604a190                CDC_CdPlay
                0x0604a25c                CDC_CdSeek
                0x0604a290                CDC_CdScan
 .text          0x0604a2c0      0x3a0 ../../Compiler/SGL_302j/LIB_COFF/LIBCD.A(CDC_CMN.O)
                0x0604a464                CDC_TgetToc
                0x0604a608                CDC_DataEnd
                0x0604a328                CDC_GetPeriStat
                0x0604a59c                CDC_DataReady
                0x0604a574                CDC_CdOpen
                0x0604a4f0                CDC_CdInit
                0x0604a4b4                CDC_GetSes
                0x0604a310                CDC_GetLastStat
                0x0604a2c0                CDC_GetCurStat
                0x0604a3fc                CDC_GetHwInfo
 .text          0x0604a660     0x1adc ../../Compiler/SGL_302j/LIB_COFF/LIBCD.A(GFS.O)
                0x0604a660                gfs_version
                0x0604b8d0                gfs_mngGetNumFile
                0x0604c02c                gfs_closeSub
                0x0604b3ec                GFS_SetGmode
                0x0604b6a8                GFS_SetErrFunc
                0x0604b7f8                gfs_mngSetupFuncTbl
                0x0604a9b8                GFS_Reset
                0x0604b720                gfs_chgRoot
                0x0604b7ec                gfs_aborttrans
                0x0604bad0                gfs_svrAddHndl
                0x0604b980                gfs_mngFreeGrp
                0x0604b6f8                GFS_ConvTno
                0x0604bc84                gfs_getRootDir
                0x0604b6d4                GFS_GetErrStat
                0x0604ab28                GFS_Seek
                0x0604b198                GFS_NwStop
                0x0604b98c                gfs_mngTermAccess
                0x0604aa3c                GFS_Open
                0x0604b938                GFS_mngAllocGrp
                0x0604c074                gfs_isTaskDone
                0x0604ae98                GFS_Fread
                0x0604b5f0                GFS_StartTrans
                0x0604bfec                gfs_GetFinfo
                0x0604b82c                gfs_mngInitWork
                0x0604ac80                GFS_ByteToSct
                0x0604ba90                gfs_svrSearchHndl
                0x0604bd80                gfs_loadRootDir
                0x0604a8dc                GFS_IdToName
                0x0604afdc                GFS_NwFread
                0x0604b520                GFS_SetTransPara
                0x0604b0e8                GFS_NwCdRead
                0x0604bbc0                gfs_loadVol
                0x0604b4bc                GFS_SetReadPara
                0x0604abdc                GFS_Tell
                0x0604b450                GFS_SetTmode
                0x0604bf54                GFS_GetFad
                0x0604b58c                GFS_SetTrFunc
                0x0604b63c                GFS_CdMovePickup
                0x0604a878                GFS_NameToId
                0x0604b2b0                GFS_NwExecOne
                0x0604be08                gfs_flowIn
                0x0604ad38                GFS_GetFileInfo
                0x0604beb0                gfs_transData
                0x0604bb0c                gfs_svrRemoveHndl
                0x0604b160                GFS_NwIsComplete
                0x0604c068                gfs_getGmode
                0x0604b204                GFS_NwGetStat
                0x0604bb68                GFS_OpenSub
                0x0604a810                GFS_SetDir
                0x0604acdc                GFS_GetFileSize
                0x0604adac                GFS_GetNumCdbuf
                0x0604c0c8                gfs_convFinStat
                0x0604add4                GFS_Load
                0x0604af34                gfs_waitRead
                0x0604a768                GFS_LoadDir
                0x0604a948                GFS_GetDirInfo
                0x0604aaf0                GFS_Close
                0x0604a680                GFS_Init
                0x0604b280                gfs_recovRdErr
                0x0604ba10                gfs_mngSetErrCode
                0x0604b370                GFS_NwExecServer
                0x0604ac2c                GFS_IsEof
                0x0604bfac                gfs_SetSct
 *fill*         0x0604c13c        0x4 00
 .text          0x0604c140      0x2dc ../../Compiler/SGL_302j/LIB_COFF/LIBCD.A(CDC_REG.O)
                0x0604c194                CDREG_ClrHirqReq
                0x0604c164                CDC_ClrHirqReq
                0x0604c214                CDREG_TgetData
                0x0604c204                CDC_GetMpegPtr
                0x0604c1e0                CDC_GetHirqMsk
                0x0604c140                CDC_GetDataPtr
                0x0604c150                CDC_GetHirqReq
                0x0604c370                CDREG_WaitHirq
                0x0604c1f4                CDC_SetHirqMsk
                0x0604c270                CDREG_CmdRsp
                0x0604c1a4                CDREG_InitHirqReq
                0x0604c1cc                CDREG_SetHirqFlag
                0x0604c3e0                CDREG_ReadRsp
 *fill*         0x0604c41c        0x4 00
 .text          0x0604c420      0x194 ../../Compiler/SGL_302j/LIB_COFF/LIBCD.A(CDC_CFS.O)
                0x0604c420                CDC_ChgDir
                0x0604c454                CDC_ReadDir
                0x0604c578                CDC_AbortFile
                0x0604c488                CDC_GetFileScope
                0x0604c4e8                CDC_TgetFileInfo
                0x0604c544                CDC_ReadFile
 *fill*         0x0604c5b4        0xc 00
 .text          0x0604c5c0      0x152 ../../Compiler/SGL_302j/LIB_COFF/LIBCD.A(CDC_SUB.O)
                0x0604c668                CDSUB_GetCdstat
                0x0604c5d8                CDSUB_UpdCdstat
                0x0604c6a8                CDSUB_RspToCdstat
                0x0604c6f0                CDSUB_SoftTimer
                0x0604c5c0                CDSUB_UpdStatus
                0x0604c5f8                CDSUB_CdCmd
 *fill*         0x0604c712        0xe 00
 .text          0x0604c720      0x8d8 ../../Compiler/SGL_302j/LIB_COFF/LIBCD.A(GFS_CDF.O)
                0x0604cc14                GFCF_Seek
                0x0604cd1c                GFCF_GetStat
                0x0604cbfc                GFCF_Tell
                0x0604c7c0                GFCF_Setup
                0x0604ccc8                GFCF_cnvIntlvOfs
                0x0604c720                GFCF_Init
                0x0604cbb4                GFCF_Recover
                0x0604c908                GFCF_SetSct
                0x0604cc2c                GFCF_MovePickup
                0x0604cdf0                gfcf_isCdOk
                0x0604c9c0                GFCF_FlowInBuf
                0x0604c94c                GFCF_GetFileInfo
                0x0604cb14                GFCF_StopInBuf
                0x0604cdb4                gfcf_getSctSize
                0x0604ceb0                gfcf_getPlayRange
 *fill*         0x0604cff8        0x8 00
 .text          0x0604d000      0x92c ../../Compiler/SGL_302j/LIB_COFF/LIBCD.A(GFS_DIR.O)
                0x0604d4f0                gfdr_setNextRec
                0x0604d8f0                gfdr_setDirrecCd
                0x0604d2e8                gfdr_open
                0x0604d0fc                GFDR_GetAtrDirId
                0x0604d3d0                gfdr_readByte
                0x0604d000                GFDR_SetupDirTbl
                0x0604d4c8                gfdr_readLongNM
                0x0604d574                gfdr_readDirEnt
                0x0604d12c                GFDR_ChgRoot
                0x0604d074                GFDR_NameToId
                0x0604d1b8                gfdr_setupDirIdTbl
                0x0604d114                GFDR_GetAtrDirName
                0x0604d0d4                GFDR_GetInfoDirId
                0x0604d47c                gfdr_readLongNB
                0x0604d310                gfdr_read
                0x0604d3fc                gfdr_readWord
                0x0604d23c                gfdr_setupDirNameTbl
                0x0604d0e8                GFDR_GetInfoDirName
                0x0604d144                GFDR_ChgDir
                0x0604d428                gfdr_readWordNB
 *fill*         0x0604d92c        0x4 00
 .text          0x0604d930      0x9c6 ../../Compiler/SGL_302j/LIB_COFF/LIBCD.A(GFS_TRN.O)
                0x0604da10                GFTR_SetTransMax
                0x0604dde0                gftr_execScu
                0x0604e2e4                GFTR_SetTransFunc
                0x0604e1ac                gftr_remTrn
                0x0604e2d0                GFTR_SetData
                0x0604dfd0                gftr_execSdma1
                0x0604e220                gftr_copyFrac
                0x0604da04                GFTR_GetNumTrans
                0x0604d9a4                GFTR_SetMode
                0x0604dfa0                gftr_remDma0
                0x0604e248                GFTR_GetLenData
                0x0604ddd4                gftr_reqScu
                0x0604dfb8                gftr_reqDma1
                0x0604dcf0                gftr_getSrcPack
                0x0604e2a0                GFTR_RtnDstPk
                0x0604debc                gfdma_exec
                0x0604e0d4                gftr_execTrn
                0x0604dbe8                GFTR_ExecSvr
                0x0604e064                gftr_reqTrn
                0x0604df2c                gfdma_getBytecnt
                0x0604e00c                gftr_reqCpu
                0x0604e26c                GFTR_GetDstPack
                0x0604df64                gftr_reqDma0
                0x0604db70                GFTR_Idle
                0x0604da28                GFTR_Pause
                0x0604d9f8                GFTR_GetTransPara
                0x0604e058                gftr_remCpu
                0x0604d9c4                GFTR_SetTransPara
                0x0604dff4                gftr_remDma1
                0x0604da34                GFTR_Stop
                0x0604df7c                gftr_execSdma0
                0x0604d960                GFTR_Setup
                0x0604de7c                gftr_remScu
                0x0604dd78                gftr_getDstPack
                0x0604deb0                gfdma_canUse
                0x0604daec                GFTR_Exec
                0x0604e2bc                GFTR_GetData
                0x0604da1c                GFTR_Start
                0x0604d9b8                GFTR_SetUnit
                0x0604e018                gftr_execCpu
                0x0604e254                GFTR_GetLenRoom
 *fill*         0x0604e2f6        0xa 00
 .text          0x0604e300      0x106 ../../Compiler/SGL_302j/LIB_COFF/LIBCD.A(GFS_BUF.O)
                0x0604e358                GFBF_GetNumData
                0x0604e3d4                GFBF_RtnPk
                0x0604e388                GFBF_GetSrcPk
                0x0604e3fc                gfbf_getSctDt
                0x0604e330                GFBF_GetTranData
                0x0604e3b0                GFBF_GetSctData
 *fill*         0x0604e406        0xa 00
 .text          0x0604e410      0x600 ../../Compiler/SGL_302j/LIB_COFF/LIBCD.A(GFS_CDB.O)
                0x0604e9b8                GFCB_GetPickup
                0x0604e530                GFCB_Close
                0x0604e7fc                GFCB_GetSrcPack
                0x0604e984                GFCB_SetCon
                0x0604e604                GFCB_GetLenRoom
                0x0604e968                GFCB_MovePickup
                0x0604e8dc                GFCB_GetSctData
                0x0604e610                GFCB_SetFilt
                0x0604e558                GFCB_GetLenData
                0x0604e9f8                GFCB_UngetPickup
                0x0604e410                GFCB_Setup
                0x0604e6a0                GFCB_Tell
                0x0604e9e0                GFCB_IsPuOwner
                0x0604e700                GFCB_Seek
                0x0604e678                GFCB_DeleteAllData
                0x0604e914                GFCB_GetDstPack
                0x0604e6b0                gfcb_getSctNum
                0x0604e920                GFCB_RtnPk
 .text          0x0604ea10     0x1a10 ../../Compiler/SGL_302j/LIB_COFF/LIBCD.A(GFS_CDC.O)
                0x0604ecac                GFCD_AllocBuf
                0x0604fa94                gfcd_doGetLenDataTsk
                0x06050330                GFCD_SetCsctFunc
                0x0604ed84                GFCD_GetBaseFad
                0x0604ef00                GFCD_GetFilt
                0x0604ff20                gfcd_doChgDirTsk
                0x06050260                gfcd_checkEflag
                0x0604f248                GFCD_MovePickup
                0x0604f32c                GFCD_GetSctInfo
                0x0604fbe8                gfcd_doReqDataTsk
                0x0604f374                GFCD_ChgDir
                0x0604f068                GFCD_ReqData
                0x0605034c                GFCD_ChkScdqFlag
                0x0604f804                GFCD_WaitServer
                0x0604f10c                GFCD_DelSctData
                0x0604f5e4                GFCD_ExecServer
                0x0604fa04                gfcd_doSetConTsk
                0x0604ec40                GFCD_AllocFilt
                0x0604ee3c                GFCD_SetFilt
                0x0604f840                gfcd_doSetFiltTsk
                0x06050370                GFCD_ClrScdqFlag
                0x0604fc88                gfcd_doDelSctDataTsk
                0x0604f744                gfcd_doTask
                0x0604edb8                GFCD_GetPickup
                0x0604f308                GFCD_CheckMove
                0x0605038c                GFCD_WaitScdqFlag
                0x0604efa0                GFCD_Play
                0x0604fdbc                gfcd_doMoveSctTsk
                0x0604ef48                GFCD_SetCon
                0x0604f3e8                GFCD_SetFiltCon
                0x060503d0                GFCD_WaitPause
                0x0604f5ac                GFCD_GetBufSiz
                0x0604edec                GFCD_UngetPickup
                0x0604f4d0                GFCD_GetFileInfo
                0x0604f0c4                GFCD_EndData
                0x0604ece0                GFCD_FreeBuf
                0x0604f000                GFCD_GetLenData
                0x0604ec7c                GFCD_FreeFilt
                0x0604f6b8                gfcd_isIdleTask
                0x0604ea3c                GFCD_Init
                0x0605011c                gfcd_doSetFiltConTsk
                0x0604f194                GFCD_GetStat
                0x0604f294                GFCD_MoveSctData
                0x0604ee18                GFCD_IsPuOwner
                0x06050284                gfcd_initCdbMng
                0x0604ea10                GFCD_SetCdbfs
                0x0604f7f0                GFCD_SetTimer
                0x06050304                gfcd_setStat
                0x0604f164                GFCD_CheckDelSctData
 .text          0x06050420      0x1e4 ../../Compiler/SGL_302j/LIB_COFF/LIBCD.A(CDC_BIO.O)
                0x060504cc                CDC_GetdelSctData
                0x06050454                CDC_GetSctData
                0x06050508                CDC_PutSctData
                0x06050584                CDC_MoveSctData
                0x060505c8                CDC_GetCopyErr
                0x06050490                CDC_DelSctData
                0x06050420                CDC_SetSctLen
                0x06050540                CDC_CopySctData
 *fill*         0x06050604        0xc 00
 .text          0x06050610      0x2b8 ../../Compiler/SGL_302j/LIB_COFF/LIBCD.A(CDC_SEL.O)
                0x06050840                CDC_GetFiltCon
                0x060507bc                CDC_GetFiltMode
                0x06050894                CDC_ResetSelector
                0x06050610                CDC_SetFiltRange
                0x0605069c                CDC_SetFiltSubh
                0x0605070c                CDC_GetFiltSubh
                0x06050644                CDC_GetFiltRange
                0x06050788                CDC_SetFiltMode
                0x06050800                CDC_SetFiltCon
 *fill*         0x060508c8        0x8 00
 .text          0x060508d0      0x270 ../../Compiler/SGL_302j/LIB_COFF/LIBCD.A(CDC_BIF.O)
                0x0605092c                CDC_GetSctNum
                0x06050aac                CDC_ExeFadSearch
                0x06050a2c                CDC_GetSctInfo
                0x06050970                CDC_CalActSiz
                0x060508d0                CDC_GetBufSiz
                0x060509ac                CDC_GetActSiz
                0x06050ae4                CDC_GetFadSearch
 .text          0x06050b40       0xa8 ../../Compiler/SGL_302j/LIB_COFF/LIBCD.A(CDC_DEV.O)
                0x06050bac                CDC_CdGetLastBuf
                0x06050b40                CDC_CdSetCon
                0x06050b70                CDC_CdGetCon
 *fill*         0x06050be8        0x8 00
 .text          0x06050bf0      0x128 ../../Compiler/SGL_302j/LIB_COFF/LIBSGL.A(sglIc0.o)
                0x06050bf0                slInitSystem
 *fill*         0x06050d18        0x8 00
 .text          0x06050d20       0x90 m:/joengine-master/compiler/sh_coff/sh-coff/bin/../lib/gcc/sh-coff/4.0-GNUSH_v0601\libgcc.a(_si_to_sf.o)
                0x06050d20                __floatsisf
 .text          0x06050db0      0x170 m:/joengine-master/compiler/sh_coff/sh-coff/bin/../lib/gcc/sh-coff/4.0-GNUSH_v0601\libgcc.a(_mul_sf.o)
                0x06050db0                __mulsf3
 .text          0x06050f20       0xa0 m:/joengine-master/compiler/sh_coff/sh-coff/bin/../lib/gcc/sh-coff/4.0-GNUSH_v0601\libgcc.a(_sf_to_si.o)
                0x06050f20                __fixsfsi
 .text          0x06050fc0       0x70 m:/joengine-master/compiler/sh_coff/sh-coff/bin/../lib/gcc/sh-coff/4.0-GNUSH_v0601\libgcc.a(_udivsi3.o)
                0x06050fe2                __udivsi3
 .text          0x06051030       0x60 m:/joengine-master/compiler/sh_coff/sh-coff/bin/../lib/gcc/sh-coff/4.0-GNUSH_v0601\libgcc.a(_ashiftrt.o)
                0x0605103c                __ashiftrt_r4_27
                0x06051070                __ashiftrt_r4_6
                0x06051060                __ashiftrt_r4_14
                0x06051052                __ashiftrt_r4_19
                0x0605106a                __ashiftrt_r4_9
                0x0605107e                __ashiftrt_r4_0
                0x06051030                __ashiftrt_r4_31
                0x0605103e                __ashiftrt_r4_26
                0x0605104c                __ashiftrt_r4_22
                0x06051058                __ashiftrt_r4_16
                0x06051064                __ashiftrt_r4_12
                0x06051038                __ashiftrt_r4_29
                0x06051056                __ashiftrt_r4_17
                0x06051036                __ashiftrt_r4_30
                0x06051072                __ashiftrt_r4_5
                0x0605106c                __ashiftrt_r4_8
                0x06051030                __ashiftrt_r4_32
                0x06051040                __ashiftrt_r4_25
                0x06051078                __ashiftrt_r4_2
                0x06051042                __ashiftrt_r4_24
                0x0605105e                __ashiftrt_r4_15
                0x06051068                __ashiftrt_r4_10
                0x0605107a                __ashiftrt_r4_1
                0x0605103a                __ashiftrt_r4_28
                0x06051050                __ashiftrt_r4_20
                0x0605106e                __ashiftrt_r4_7
                0x06051062                __ashiftrt_r4_13
                0x06051066                __ashiftrt_r4_11
                0x06051074                __ashiftrt_r4_4
                0x0605104a                __ashiftrt_r4_23
                0x06051054                __ashiftrt_r4_18
                0x0605104e                __ashiftrt_r4_21
                0x06051076                __ashiftrt_r4_3
 .text          0x06051090       0xa0 m:/joengine-master/compiler/sh_coff/sh-coff/bin/../lib/gcc/sh-coff/4.0-GNUSH_v0601\libgcc.a(__main.o)
                0x06051104                __main
                0x06051090                __do_global_dtors
                0x060510c4                __do_global_ctors
 .text          0x06051130       0xa0 m:/joengine-master/compiler/sh_coff/sh-coff/bin/../lib/gcc/sh-coff/4.0-GNUSH_v0601\libgcc.a(_sdivsi3.o)
                0x06051130                __sdivsi3
 .text          0x060511d0       0x70 m:/joengine-master/compiler/sh_coff/sh-coff/bin/../lib/gcc/sh-coff/4.0-GNUSH_v0601\libgcc.a(_le_sf.o)
                0x060511d0                __lesf2
 .text          0x06051240       0x70 m:/joengine-master/compiler/sh_coff/sh-coff/bin/../lib/gcc/sh-coff/4.0-GNUSH_v0601\libgcc.a(_ge_sf.o)
                0x06051240                __gesf2
 .text          0x060512b0       0x70 m:/joengine-master/compiler/sh_coff/sh-coff/bin/../lib/gcc/sh-coff/4.0-GNUSH_v0601\libgcc.a(_gt_sf.o)
                0x060512b0                __gtsf2
 .text          0x06051320      0x120 m:/joengine-master/compiler/sh_coff/sh-coff/bin/../lib/gcc/sh-coff/4.0-GNUSH_v0601\libgcc.a(_div_sf.o)
                0x06051320                __divsf3
 .text          0x06051440       0x70 m:/joengine-master/compiler/sh_coff/sh-coff/bin/../lib/gcc/sh-coff/4.0-GNUSH_v0601\libgcc.a(_lt_sf.o)
                0x06051440                __ltsf2
 .text          0x060514b0      0x250 m:/joengine-master/compiler/sh_coff/sh-coff/bin/../lib/gcc/sh-coff/4.0-GNUSH_v0601\libgcc.a(_addsub_sf.o)
                0x06051644                __subsf3
                0x060516a4                __addsf3
 .text          0x06051700      0x100 m:/joengine-master/compiler/sh_coff/sh-coff/bin/../lib/gcc/sh-coff/4.0-GNUSH_v0601\libgcc.a(_sf_to_df.o)
                0x06051700                __extendsfdf2
 .text          0x06051800       0x70 m:/joengine-master/compiler/sh_coff/sh-coff/bin/../lib/gcc/sh-coff/4.0-GNUSH_v0601\libgcc.a(_df_to_sf.o)
                0x06051800                __truncdfsf2
 .text          0x06051870      0x350 m:/joengine-master/compiler/sh_coff/sh-coff/bin/../lib/gcc/sh-coff/4.0-GNUSH_v0601\libgcc.a(_addsub_df.o)
                0x06051afc                __subdf3
                0x06051b60                __adddf3
 .text          0x06051bc0       0x90 m:/joengine-master/compiler/sh_coff/sh-coff/bin/../lib/gcc/sh-coff/4.0-GNUSH_v0601\libgcc.a(_lshiftrt.o)
                0x06051bc0                __lshrsi3
 .text          0x06051c50       0xb0 m:/joengine-master/compiler/sh_coff/sh-coff/bin/../lib/gcc/sh-coff/4.0-GNUSH_v0601\libgcc.a(_si_to_df.o)
                0x06051c50                __floatsidf
 .text          0x06051d00      0x3b0 m:/joengine-master/compiler/sh_coff/sh-coff/bin/../lib/gcc/sh-coff/4.0-GNUSH_v0601\libgcc.a(_mul_df.o)
                0x06051d10                __muldf3
 .text          0x060520b0      0x1b0 m:/joengine-master/compiler/sh_coff/sh-coff/bin/../lib/gcc/sh-coff/4.0-GNUSH_v0601\libgcc.a(_div_df.o)
                0x060520b8                __divdf3
 .text          0x06052260      0x100 m:/joengine-master/compiler/sh_coff/sh-coff/bin/../lib/gcc/sh-coff/4.0-GNUSH_v0601\libgcc.a(_df_to_si.o)
                0x06052260                __fixdfsi
 .text          0x06052360       0x90 m:/joengine-master/compiler/sh_coff/sh-coff/bin/../lib/gcc/sh-coff/4.0-GNUSH_v0601\libgcc.a(_ashiftrt_n.o)
                0x06052360                __ashrsi3
 .text          0x060523f0       0x90 m:/joengine-master/compiler/sh_coff/sh-coff/bin/../lib/gcc/sh-coff/4.0-GNUSH_v0601\libgcc.a(_ashiftlt.o)
                0x060523f0                __ashlsi3
 .text          0x06052480      0x1c0 m:/joengine-master/compiler/sh_coff/sh-coff/bin/../lib/gcc/sh-coff/4.0-GNUSH_v0601\libgcc.a(_pack_sf.o)
                0x06052480                __pack_f
 .text          0x06052640       0xc0 m:/joengine-master/compiler/sh_coff/sh-coff/bin/../lib/gcc/sh-coff/4.0-GNUSH_v0601\libgcc.a(_unpack_sf.o)
                0x06052640                __unpack_f
 .text          0x06052700       0xd0 m:/joengine-master/compiler/sh_coff/sh-coff/bin/../lib/gcc/sh-coff/4.0-GNUSH_v0601\libgcc.a(_muldi3.o)
                0x06052700                __muldi3
 .text          0x060527d0       0x10 m:/joengine-master/compiler/sh_coff/sh-coff/bin/../lib/gcc/sh-coff/4.0-GNUSH_v0601\libgcc.a(_thenan_sf.o)
                0x060527d0                __thenan_sf
 .text          0x060527e0       0xa0 m:/joengine-master/compiler/sh_coff/sh-coff/bin/../lib/gcc/sh-coff/4.0-GNUSH_v0601\libgcc.a(_fpcmp_parts_sf.o)
                0x060527e0                __fpcmp_parts_f
 .text          0x06052880       0x30 m:/joengine-master/compiler/sh_coff/sh-coff/bin/../lib/gcc/sh-coff/4.0-GNUSH_v0601\libgcc.a(_make_df.o)
                0x06052880                __make_dp
 .text          0x060528b0      0x180 m:/joengine-master/compiler/sh_coff/sh-coff/bin/../lib/gcc/sh-coff/4.0-GNUSH_v0601\libgcc.a(_unpack_df.o)
                0x060528c0                __unpack_d
 .text          0x06052a30       0x30 m:/joengine-master/compiler/sh_coff/sh-coff/bin/../lib/gcc/sh-coff/4.0-GNUSH_v0601\libgcc.a(_make_sf.o)
                0x06052a30                __make_fp
 .text          0x06052a60       0x20 m:/joengine-master/compiler/sh_coff/sh-coff/bin/../lib/gcc/sh-coff/4.0-GNUSH_v0601\libgcc.a(_thenan_df.o)
                0x06052a60                __thenan_df
 .text          0x06052a80      0x5f0 m:/joengine-master/compiler/sh_coff/sh-coff/bin/../lib/gcc/sh-coff/4.0-GNUSH_v0601\libgcc.a(_pack_df.o)
                0x06052a90                __pack_d
 .text          0x06053070       0x30 m:/joengine-master/compiler/sh_coff/sh-coff/bin/../lib/gcc/sh-coff/4.0-GNUSH_v0601\libgcc.a(_mulsi3.o)
                0x06053070                __mulsi3
 .text          0x060530a0       0xa0 m:/joengine-master/compiler/sh_coff/sh-coff/bin/../lib/gcc/sh-coff/4.0-GNUSH_v0601/../../../../sh-coff/lib\libc.a(memcpy.o)
                0x060530a0                memcpy
 .text          0x06053140       0xb0 m:/joengine-master/compiler/sh_coff/sh-coff/bin/../lib/gcc/sh-coff/4.0-GNUSH_v0601/../../../../sh-coff/lib\libc.a(sprintf.o)
                0x06053190                sprintf
                0x06053140                _sprintf_r
 .text          0x060531f0       0x80 m:/joengine-master/compiler/sh_coff/sh-coff/bin/../lib/gcc/sh-coff/4.0-GNUSH_v0601/../../../../sh-coff/lib\libc.a(memcmp.o)
                0x060531f0                memcmp
 .text          0x06053270      0x100 m:/joengine-master/compiler/sh_coff/sh-coff/bin/../lib/gcc/sh-coff/4.0-GNUSH_v0601/../../../../sh-coff/lib\libc.a(strncmp.o)
                0x06053270                strncmp
 .text          0x06053370       0xd0 m:/joengine-master/compiler/sh_coff/sh-coff/bin/../lib/gcc/sh-coff/4.0-GNUSH_v0601/../../../../sh-coff/lib\libc.a(strncpy.o)
                0x06053370                strncpy
 .text          0x06053440       0x40 m:/joengine-master/compiler/sh_coff/sh-coff/bin/../lib/gcc/sh-coff/4.0-GNUSH_v0601/../../../../sh-coff/lib\libc.a(memset.o)
                0x06053440                memset
 .text          0x06053480       0x90 m:/joengine-master/compiler/sh_coff/sh-coff/bin/../lib/gcc/sh-coff/4.0-GNUSH_v0601/../../../../sh-coff/lib\libc.a(atexit.o)
                0x06053480                atexit
 .text          0x06053510     0x1d20 m:/joengine-master/compiler/sh_coff/sh-coff/bin/../lib/gcc/sh-coff/4.0-GNUSH_v0601/../../../../sh-coff/lib\libc.a(vfprintf.o)
                0x060535c8                _vfprintf_r
                0x06055208                vfprintf
 .text          0x06055230       0x10 m:/joengine-master/compiler/sh_coff/sh-coff/bin/../lib/gcc/sh-coff/4.0-GNUSH_v0601/../../../../sh-coff/lib\libc.a(impure.o)
                0x06055230                _global_impure_ptr
 .text          0x06055240       0x40 m:/joengine-master/compiler/sh_coff/sh-coff/bin/../lib/gcc/sh-coff/4.0-GNUSH_v0601/../../../../sh-coff/lib\libc.a(malloc.o)
                0x0605525c                free
                0x06055240                malloc
 .text          0x06055280      0x300 m:/joengine-master/compiler/sh_coff/sh-coff/bin/../lib/gcc/sh-coff/4.0-GNUSH_v0601/../../../../sh-coff/lib\libc.a(fvwrite.o)
                0x06055280                __sfvwrite
 .text          0x06055580      0x100 m:/joengine-master/compiler/sh_coff/sh-coff/bin/../lib/gcc/sh-coff/4.0-GNUSH_v0601/../../../../sh-coff/lib\libc.a(locale.o)
                0x06055648                setlocale
                0x060555c8                _setlocale_r
                0x06055624                __locale_charset
                0x06055668                localeconv
                0x06055638                _localeconv_r
 .text          0x06055680      0x360 m:/joengine-master/compiler/sh_coff/sh-coff/bin/../lib/gcc/sh-coff/4.0-GNUSH_v0601/../../../../sh-coff/lib\libc.a(freer.o)
                0x06055680                _malloc_trim_r
                0x06055768                _free_r
 .text          0x060559e0       0x20 m:/joengine-master/compiler/sh_coff/sh-coff/bin/../lib/gcc/sh-coff/4.0-GNUSH_v0601/../../../../sh-coff/lib\libc.a(strlen.o)
                0x060559e0                strlen
 .text          0x06055a00      0x270 m:/joengine-master/compiler/sh_coff/sh-coff/bin/../lib/gcc/sh-coff/4.0-GNUSH_v0601/../../../../sh-coff/lib\libc.a(findfp.o)
                0x06055b14                __sfp
                0x06055a9c                __sfp_lock_acquire
                0x06055c44                __fp_unlock_all
                0x06055b08                __sfp_lock_release
                0x06055aa8                __sinit
                0x06055bf4                _cleanup
                0x06055c24                __fp_lock_all
                0x06055bdc                _cleanup_r
                0x06055a44                __sfmoreglue
 .text          0x06055c70       0xd0 m:/joengine-master/compiler/sh_coff/sh-coff/bin/../lib/gcc/sh-coff/4.0-GNUSH_v0601/../../../../sh-coff/lib\libc.a(fflush.o)
                0x06055c70                fflush
 .text          0x06055d40       0xf0 m:/joengine-master/compiler/sh_coff/sh-coff/bin/../lib/gcc/sh-coff/4.0-GNUSH_v0601/../../../../sh-coff/lib\libc.a(wsetup.o)
                0x06055d40                __swsetup
 .text          0x06055e30       0x70 m:/joengine-master/compiler/sh_coff/sh-coff/bin/../lib/gcc/sh-coff/4.0-GNUSH_v0601/../../../../sh-coff/lib\libc.a(wcrtomb.o)
                0x06055e30                _wcrtomb_r
                0x06055e7c                wcrtomb
 .text          0x06055ea0       0x40 m:/joengine-master/compiler/sh_coff/sh-coff/bin/../lib/gcc/sh-coff/4.0-GNUSH_v0601/../../../../sh-coff/lib\libc.a(s_isinf.o)
                0x06055ea0                isinf
 .text          0x06055ee0       0xd0 m:/joengine-master/compiler/sh_coff/sh-coff/bin/../lib/gcc/sh-coff/4.0-GNUSH_v0601/../../../../sh-coff/lib\libc.a(memchr.o)
                0x06055ee0                memchr
 .text          0x06055fb0      0x6a0 m:/joengine-master/compiler/sh_coff/sh-coff/bin/../lib/gcc/sh-coff/4.0-GNUSH_v0601/../../../../sh-coff/lib\libc.a(mallocr.o)
                0x06055fb0                _malloc_r
 .text          0x06056650      0x130 m:/joengine-master/compiler/sh_coff/sh-coff/bin/../lib/gcc/sh-coff/4.0-GNUSH_v0601/../../../../sh-coff/lib\libc.a(wcsrtombs.o)
                0x06056650                _wcsrtombs_r
                0x06056744                wcsrtombs
 .text          0x06056780       0x40 m:/joengine-master/compiler/sh_coff/sh-coff/bin/../lib/gcc/sh-coff/4.0-GNUSH_v0601/../../../../sh-coff/lib\libc.a(s_isnan.o)
                0x06056780                isnan
 .text          0x060567c0     0x1310 m:/joengine-master/compiler/sh_coff/sh-coff/bin/../lib/gcc/sh-coff/4.0-GNUSH_v0601/../../../../sh-coff/lib\libc.a(dtoa.o)
                0x06056964                _dtoa_r
 .text          0x06057ad0       0xe0 m:/joengine-master/compiler/sh_coff/sh-coff/bin/../lib/gcc/sh-coff/4.0-GNUSH_v0601/../../../../sh-coff/lib\libc.a(memmove.o)
                0x06057ad0                memmove
 .text          0x06057bb0      0x450 m:/joengine-master/compiler/sh_coff/sh-coff/bin/../lib/gcc/sh-coff/4.0-GNUSH_v0601/../../../../sh-coff/lib\libc.a(reallocr.o)
                0x06057bb0                _realloc_r
 .text          0x06058000       0x30 m:/joengine-master/compiler/sh_coff/sh-coff/bin/../lib/gcc/sh-coff/4.0-GNUSH_v0601/../../../../sh-coff/lib\libc.a(strcmp.o)
                0x06058000                strcmp
 .text          0x06058030       0x20 m:/joengine-master/compiler/sh_coff/sh-coff/bin/../lib/gcc/sh-coff/4.0-GNUSH_v0601/../../../../sh-coff/lib\libc.a(mlock.o)
                0x06058030                __malloc_lock
                0x0605803c                __malloc_unlock
 .text          0x06058050       0x50 m:/joengine-master/compiler/sh_coff/sh-coff/bin/../lib/gcc/sh-coff/4.0-GNUSH_v0601/../../../../sh-coff/lib\libc.a(sbrkr.o)
                0x06058050                _sbrk_r
 .text          0x060580a0      0x170 m:/joengine-master/compiler/sh_coff/sh-coff/bin/../lib/gcc/sh-coff/4.0-GNUSH_v0601/../../../../sh-coff/lib\libc.a(stdio.o)
                0x060580f8                __swrite
                0x060581e8                __sclose
                0x060580a0                __sread
                0x06058188                __sseek
 .text          0x06058210      0x130 m:/joengine-master/compiler/sh_coff/sh-coff/bin/../lib/gcc/sh-coff/4.0-GNUSH_v0601/../../../../sh-coff/lib\libc.a(fclose.o)
                0x06058210                _fclose_r
                0x0605831c                fclose
 .text          0x06058340      0x200 m:/joengine-master/compiler/sh_coff/sh-coff/bin/../lib/gcc/sh-coff/4.0-GNUSH_v0601/../../../../sh-coff/lib\libc.a(fwalk.o)
                0x060584b4                _fwalk_reent
                0x06058430                _fwalk
 .text          0x06058540      0x150 m:/joengine-master/compiler/sh_coff/sh-coff/bin/../lib/gcc/sh-coff/4.0-GNUSH_v0601/../../../../sh-coff/lib\libc.a(makebuf.o)
                0x06058540                __smakebuf
 .text          0x06058690      0x2c0 m:/joengine-master/compiler/sh_coff/sh-coff/bin/../lib/gcc/sh-coff/4.0-GNUSH_v0601/../../../../sh-coff/lib\libc.a(wctomb_r.o)
                0x060586b0                _wctomb_r
 .text          0x06058950      0xdc0 m:/joengine-master/compiler/sh_coff/sh-coff/bin/../lib/gcc/sh-coff/4.0-GNUSH_v0601/../../../../sh-coff/lib\libc.a(mprec.o)
                0x06059190                __mcmp
                0x06059614                _ratio
                0x06058dec                _i2b
                0x0605938c                _b2d
                0x06058be4                _s2b
                0x06058cbc                _hi0bits
                0x06058fc0                _pow5mult
                0x060591d4                __mdiff
                0x06059098                _lshift
                0x06058e10                _multiply
                0x060594e0                _d2b
                0x06058a68                _Balloc
                0x06058950                __mprec_tinytens
                0x060596a8                _mprec_log10
                0x06058978                __mprec_bigtens
                0x060592f4                _ulp
                0x06058af8                _Bfree
                0x060589a0                __mprec_tens
                0x06058d24                _lo0bits
                0x06058b18                _multadd
 .text          0x06059710      0x390 m:/joengine-master/compiler/sh_coff/sh-coff/bin/../lib/gcc/sh-coff/4.0-GNUSH_v0601/../../../../sh-coff/lib\libc.a(syscalls.o)
                0x06059880                _exit
                0x060598b4                _getpid
                0x0605991c                _utime
                0x06059748                _write
                0x06059710                _read
                0x06059868                _unlink
                0x06059830                _open
                0x060598cc                _stat
                0x06059874                isatty
                0x0605994c                _wait
                0x06059898                _kill
                0x060598e8                _chmod
                0x0605997c                _execv
                0x06059960                _execve
                0x06059a5c                __setup_argv_and_call_main
                0x060599b4                _gettimeofday
                0x0605977c                _link
                0x060598c0                _raise
                0x0605984c                _creat
                0x06059994                _pipe
                0x06059900                _chown
                0x0605972c                _lseek
                0x06059764                _close
                0x060599a8                _times
                0x0605981c                _fstat
                0x06059938                _fork
                0x060597a4                _sbrk
 .text          0x06059aa0       0x50 m:/joengine-master/compiler/sh_coff/sh-coff/bin/../lib/gcc/sh-coff/4.0-GNUSH_v0601/../../../../sh-coff/lib\libc.a(readr.o)
                0x06059aa0                _read_r
 .text          0x06059af0       0x50 m:/joengine-master/compiler/sh_coff/sh-coff/bin/../lib/gcc/sh-coff/4.0-GNUSH_v0601/../../../../sh-coff/lib\libc.a(writer.o)
                0x06059af0                _write_r
 .text          0x06059b40       0x50 m:/joengine-master/compiler/sh_coff/sh-coff/bin/../lib/gcc/sh-coff/4.0-GNUSH_v0601/../../../../sh-coff/lib\libc.a(lseekr.o)
                0x06059b40                _lseek_r
 .text          0x06059b90       0x50 m:/joengine-master/compiler/sh_coff/sh-coff/bin/../lib/gcc/sh-coff/4.0-GNUSH_v0601/../../../../sh-coff/lib\libc.a(closer.o)
                0x06059b90                _close_r
 .text          0x06059be0       0x50 m:/joengine-master/compiler/sh_coff/sh-coff/bin/../lib/gcc/sh-coff/4.0-GNUSH_v0601/../../../../sh-coff/lib\libc.a(fstatr.o)
                0x06059be0                _fstat_r
 .text          0x06059c30       0xa0 m:/joengine-master/compiler/sh_coff/sh-coff/bin/../lib/gcc/sh-coff/4.0-GNUSH_v0601/../../../../sh-coff/lib\libc.a(callocr.o)
                0x06059c30                _calloc_r
 .text          0x06059cd0       0x20 m:/joengine-master/compiler/sh_coff/sh-coff/bin/../lib/gcc/sh-coff/4.0-GNUSH_v0601/../../../../sh-coff/lib\libc.a(trap.o)
                0x06059cd0                __trap34
 .text          0x06059cf0       0x20 m:/joengine-master/compiler/sh_coff/sh-coff/bin/../lib/gcc/sh-coff/4.0-GNUSH_v0601/../../../../sh-coff/lib\libc.a(abort.o)
                0x06059cf0                abort
 .text          0x06059d10      0x260 m:/joengine-master/compiler/sh_coff/sh-coff/bin/../lib/gcc/sh-coff/4.0-GNUSH_v0601/../../../../sh-coff/lib\libc.a(signal.o)
                0x06059dcc                _raise_r
                0x06059f50                __sigtramp
                0x06059efc                raise
                0x06059f38                _init_signal
                0x06059e88                __sigtramp_r
                0x06059f18                signal
                0x06059d5c                _signal_r
                0x06059d10                _init_signal_r
 .text          0x06059f70       0x60 m:/joengine-master/compiler/sh_coff/sh-coff/bin/../lib/gcc/sh-coff/4.0-GNUSH_v0601/../../../../sh-coff/lib\libc.a(signalr.o)
                0x06059fb8                _getpid_r
                0x06059f70                _kill_r
 .text          0x06059fd0       0x70 m:/joengine-master/compiler/sh_coff/sh-coff/bin/../lib/gcc/sh-coff/4.0-GNUSH_v0601\libgcc.a(_eq_df.o)
                0x06059fd0                __eqdf2
 .text          0x0605a040       0x70 m:/joengine-master/compiler/sh_coff/sh-coff/bin/../lib/gcc/sh-coff/4.0-GNUSH_v0601\libgcc.a(_ne_df.o)
                0x0605a040                __nedf2
 .text          0x0605a0b0       0x70 m:/joengine-master/compiler/sh_coff/sh-coff/bin/../lib/gcc/sh-coff/4.0-GNUSH_v0601\libgcc.a(_lt_df.o)
                0x0605a0b0                __ltdf2
 .text          0x0605a120      0x610 m:/joengine-master/compiler/sh_coff/sh-coff/bin/../lib/gcc/sh-coff/4.0-GNUSH_v0601\libgcc.a(_udivdi3.o)
                0x0605a120                __udivdi3
 .text          0x0605a730      0x600 m:/joengine-master/compiler/sh_coff/sh-coff/bin/../lib/gcc/sh-coff/4.0-GNUSH_v0601\libgcc.a(_umoddi3.o)
                0x0605a730                __umoddi3
 .text          0x0605ad30       0x70 m:/joengine-master/compiler/sh_coff/sh-coff/bin/../lib/gcc/sh-coff/4.0-GNUSH_v0601\libgcc.a(_gt_df.o)
                0x0605ad30                __gtdf2
 .text          0x0605ada0       0x70 m:/joengine-master/compiler/sh_coff/sh-coff/bin/../lib/gcc/sh-coff/4.0-GNUSH_v0601\libgcc.a(_ge_df.o)
                0x0605ada0                __gedf2
 .text          0x0605ae10       0xb0 m:/joengine-master/compiler/sh_coff/sh-coff/bin/../lib/gcc/sh-coff/4.0-GNUSH_v0601\libgcc.a(_fpcmp_parts_df.o)
                0x0605ae10                __fpcmp_parts_d
 .text          0x0605aec0      0x100 m:/joengine-master/compiler/sh_coff/sh-coff/bin/../lib/gcc/sh-coff/4.0-GNUSH_v0601\libgcc.a(_clz.o)
                0x0605aec0                __clz_tab
 *(.strings)
                0x0605afc0                __etext = .

.rodata
 *(.rodata)

SLPROG          0x0605afc0    0x10880
                0x0605afc0                __slprog_start = .
 *(SLPROG)
 SLPROG         0x0605afc0     0x6540 ../../Compiler/SGL_302j/LIB_COFF/SGLAREA.O
                0x0605afdc                SpriteBuf
                0x0605b000                RemainEvent
                0x0605afcc                SortList
                0x0605afca                MaxPolygons
                0x0605afe8                CommandBuf
                0x0605affc                MaxWorks
                0x0605affe                WorkSize
                0x0605aff4                PCM_WkSize
                0x0605afec                CLOfstBuf
                0x0605b100                RemainWork
                0x0605aff0                PCM_Work
                0x0605afc0                MasterStack
                0x0605afc4                SlaveStack
                0x0605afc8                MaxVertices
                0x0605aff8                MaxEvents
                0x0605afd8                Zbuffer
                0x0605afe0                SpriteBufSize
                0x0605d500                WorkBuf
                0x0605afd4                TransList
                0x0605afe4                Pbuffer
                0x0605afd0                SortListSize
                0x0605affa                EventSize
                0x0605b500                EventBuf
 SLPROG         0x06061500      0xfc8 ../../Compiler/SGL_302j/LIB_COFF/LIBSGL.A(sglH00.o)
                0x0606159c                slSetPortData1
                0x0606158c                slGetPortData1
                0x06061d7a                slSetPortMode1
                0x06061fb4                Smpc_Status
                0x06061552                slSetPortDir2
                0x06061b98                slSmpcCashSend
                0x060615b8                slGetPortSelect1
                0x0606199e                slIntBackCancel
                0x06061650                slSetPortExt1
                0x06061d60                slGetPortMode1
                0x06061c54                slSmpcCashBlow
                0x06061f44                slRequestCommand
                0x06061fe4                SmpcStatusBuf
                0x060615a6                slSetPortData2
                0x06061906                slSetResultBuffer
                0x0606163c                slGetPortExt1
                0x06061680                slSetPortExt2
                0x06061520                slGetPortDir2
                0x06061646                slGetPortExt2
                0x060619d2                slClearReset
                0x060619c8                slCheckReset
                0x06061528                slSetPortDir1
                0x06061600                slSetPortSelect2
                0x060615cc                slSetPortSelect1
                0x06061d6c                slGetPortMode2
                0x060615c2                slGetPortSelect2
                0x06061518                slGetPortDir1
                0x06061594                slGetPortData2
                0x06061d3a                slSetOptimize
                0x06061d30                slGetOptimize
                0x060617f4                slSmpcDirectAccess
                0x06061fc2                Per_Connect1
                0x06061874                slInitPeripheral
                0x06061992                slCheckIntBackSet
                0x06061fc3                Per_Connect2
                0x06061fbc                Smpc_Peripheral
                0x06061db8                slSetPortMode2
                0x06061fb8                Smpc_Result
 *fill*         0x060624c8        0x8 00
 SLPROG         0x060624d0       0x18 ../../Compiler/SGL_302j/LIB_COFF/LIBSGL.A(sglG01.o)
                0x060624d0                slSndVolume
 *fill*         0x060624e8        0x8 00
 SLPROG         0x060624f0      0x1d0 ../../Compiler/SGL_302j/LIB_COFF/LIBSGL.A(sglG00.o)
                0x060624f0                slInitSound
                0x0606260c                slSndFlush
                0x060625f4                slWaitSound
 SLPROG         0x060626c0       0x4c ../../Compiler/SGL_302j/LIB_COFF/LIBSGL.A(sglG19.o)
                0x060626c0                slCDDAOn
 *fill*         0x0606270c        0x4 00
 SLPROG         0x06062710       0x18 ../../Compiler/SGL_302j/LIB_COFF/LIBSGL.A(sglG25.o)
                0x06062710                slPCMStat
 *fill*         0x06062728        0x8 00
 SLPROG         0x06062730      0x1e0 ../../Compiler/SGL_302j/LIB_COFF/LIBSGL.A(sglG21.o)
                0x06062738                slPCMOn
                0x06062856                slSndPCMNum
 SLPROG         0x06062910       0x48 ../../Compiler/SGL_302j/LIB_COFF/LIBSGL.A(sglG22.o)
                0x06062910                slPCMOff
 *fill*         0x06062958        0x8 00
 SLPROG         0x06062960       0x84 ../../Compiler/SGL_302j/LIB_COFF/LIBSGL.A(sglD00.o)
                0x06062960                slDMACopy
                0x06062960                slCpuDMACopy
                0x060629ba                slCashPurge
                0x060629ba                CSH_AllClr
 *fill*         0x060629e4        0xc 00
 SLPROG         0x060629f0       0x18 ../../Compiler/SGL_302j/LIB_COFF/LIBSGL.A(sglA15.o)
                0x060629f0                slSlaveFunc
 *fill*         0x06062a08        0x8 00
 SLPROG         0x06062a10      0x3a4 ../../Compiler/SGL_302j/LIB_COFF/LIBSGL.A(sglI01.o)
                0x06062bfa                RetPCMBuf
                0x06062d34                Sound_Buf
                0x06062a10                slInitSynch
                0x06062b20                slRandom
                0x06062c94                PCM_Buf
                0x06062a2a                slSynch
                0x06062b3e                PCM_EndCheck
 *fill*         0x06062db4        0xc 00
 SLPROG         0x06062dc0       0x4e ../../Compiler/SGL_302j/LIB_COFF/LIBSGL.A(sglF00.o)
                0x06062dda                slLocate
                0x06062dd0                slCurColor
                0x06062e0c                CurrentScreen
                0x06062dc0                slCurScrn
 *fill*         0x06062e0e        0x2 00
 SLPROG         0x06062e10       0x20 ../../Compiler/SGL_302j/LIB_COFF/LIBSGL.A(sglB001.o)
                0x06062e10                slTVOn
                0x06062e1a                slTVOff
 SLPROG         0x06062e30        0xc ../../Compiler/SGL_302j/LIB_COFF/LIBSGL.A(sglB063.o)
                0x06062e30                slPriority
 *fill*         0x06062e3c        0x4 00
 SLPROG         0x06062e40        0xc ../../Compiler/SGL_302j/LIB_COFF/LIBSGL.A(sglB016.o)
                0x06062e40                slBack1ColSet
 *fill*         0x06062e4c        0x4 00
 SLPROG         0x06062e50      0x114 ../../Compiler/SGL_302j/LIB_COFF/LIBSGL.A(sglB200.o)
                0x06062e5c                slCharNbg0
                0x06062ea2                slPageRbg0
                0x06062eb8                slPageNbg1
                0x06062e68                slCharNbg1
                0x06062ed4                slPageNbg0
                0x06062ec0                slPageNbg2
                0x06062ec8                slPageNbg3
                0x06062e74                slCharNbg2
                0x06062e8a                slCharNbg3
                0x06062e50                slCharRbg0
 *fill*         0x06062f64        0xc 00
 SLPROG         0x06062f70        0xc ../../Compiler/SGL_302j/LIB_COFF/LIBSGL.A(sglB056.o)
                0x06062f70                slPlaneNbg1
 *fill*         0x06062f7c        0x4 00
 SLPROG         0x06062f80       0xb4 ../../Compiler/SGL_302j/LIB_COFF/LIBSGL.A(sglB032.o)
                0x06062f80                slMapNbg1
 *fill*         0x06063034        0xc 00
 SLPROG         0x06063040       0x24 ../../Compiler/SGL_302j/LIB_COFF/LIBSGL.A(sglB011.o)
                0x06063040                slBitMapNbg1
 *fill*         0x06063064        0xc 00
 SLPROG         0x06063070        0xc ../../Compiler/SGL_302j/LIB_COFF/LIBSGL.A(sglB053.o)
                0x06063070                slZoomNbg1
 *fill*         0x0606307c        0x4 00
 SLPROG         0x06063080      0x40c ../../Compiler/SGL_302j/LIB_COFF/LIBSGL.A(sglB015.o)
                0x06063080                slScrAutoDisp
 *fill*         0x0606348c        0x4 00
 SLPROG         0x06063490       0x1c ../../Compiler/SGL_302j/LIB_COFF/LIBSGL.A(sglF05.o)
                0x06063490                slPrint
 *fill*         0x060634ac        0x4 00
 SLPROG         0x060634b0       0xa8 ../../Compiler/SGL_302j/LIB_COFF/LIBSGL.A(sglH01.o)
                0x06063510                slSetSoundOutput
                0x060634e8                slSetSoundEffect
                0x060634dc                slGetSoundEffect
                0x06063504                slGetSoundOutput
                0x0606352c                slGetHelpWindow
                0x060634b0                slGetLanguage
                0x060634ba                slSetLanguage
                0x06063538                slSetHelpWindow
 *fill*         0x06063558        0x8 00
 SLPROG         0x06063560      0x162 ../../Compiler/SGL_302j/LIB_COFF/LIBSGL.A(sglC07.o)
                0x06063566                slPutSprite
 *fill*         0x060636c2        0xe 00
 SLPROG         0x060636d0       0xfa ../../Compiler/SGL_302j/LIB_COFF/LIBSGL.A(sglC06.o)
                0x060636d0                slDispSprite
 *fill*         0x060637ca        0x6 00
 SLPROG         0x060637d0       0x84 ../../Compiler/SGL_302j/LIB_COFF/LIBSGL.A(sglD16.o)
                0x06063818                DMA_SCU_PRM0
                0x060637d0                DMA_ScuSetPrm
 *fill*         0x06063854        0xc 00
 SLPROG         0x06063860       0x88 ../../Compiler/SGL_302j/LIB_COFF/LIBSGL.A(sglD17.o)
                0x06063860                DMA_ScuStart
 *fill*         0x060638e8        0x8 00
 SLPROG         0x060638f0       0x20 ../../Compiler/SGL_302j/LIB_COFF/LIBSGL.A(sglD15.o)
                0x060638f0                CSH_Purge
 SLPROG         0x06063910       0x34 ../../Compiler/SGL_302j/LIB_COFF/LIBSGL.A(sglD18.o)
                0x06063910                DMA_ScuGetStatus
 *fill*         0x06063944        0xc 00
 SLPROG         0x06063950       0xa0 ../../Compiler/SGL_302j/LIB_COFF/LIBSGL.A(sglD01.o)
                0x06063950                slDMAXCopy
 SLPROG         0x060639f0        0xc ../../Compiler/SGL_302j/LIB_COFF/LIBSGL.A(sglD03.o)
                0x060639f0                slDMAStatus
 *fill*         0x060639fc        0x4 00
 SLPROG         0x06063a00      0x470 ../../Compiler/SGL_302j/LIB_COFF/LIBSGL.A(sglH02.o)
                0x06063df0                smpc_pfr_tbl
                0x06063e30                smpc_ptf_tbl
 SLPROG         0x06063e70       0x60 ../../Compiler/SGL_302j/LIB_COFF/LIBSGL.A(sglH04.o)
                0x06063e9a                slComPrmSetTime
                0x06063e70                slComPrmIntBack
                0x06063e84                slComPrmSetMemory
 SLPROG         0x06063ed0       0x10 ../../Compiler/SGL_302j/LIB_COFF/LIBSGL.A(sglD02.o)
                0x06063ed0                slDMAWait
 SLPROG         0x06063ee0       0x20 ../../Compiler/SGL_302j/LIB_COFF/LIBSGL.A(sglA00.o)
                0x06063ef4                get_imask
                0x06063ee0                set_imask
                0x06063ee0                _builtin_set_imask
                0x06063ef4                _builtin_get_imask
 SLPROG         0x06063f00       0x74 ../../Compiler/SGL_302j/LIB_COFF/LIBSGL.A(sglJ00.o)
                0x06063f00                InitSlaveSH
                0x06063f68                SlaveCommand
 *fill*         0x06063f74        0xc 00
 SLPROG         0x06063f80      0x42c ../../Compiler/SGL_302j/LIB_COFF/LIBSGL.A(sglA20.o)
                0x06063f80                slInitMatrix
                0x06063f9e                slUnitMatrix
                0x06063f8a                slPushUnitMatrix
 *fill*         0x060643ac        0x4 00
 SLPROG         0x060643b0      0xbd0 ../../Compiler/SGL_302j/LIB_COFF/LIBSGL.A(sglB000.o)
                0x060643b0                slInitScroll
                0x06064610                TVSizeTbl
                0x06064500                setASC_4to8
                0x06064690                TVModeTbl
                0x060644d0                setASC_1to8
                0x06064868                SGL_ASCII_CG
 SLPROG         0x06064f80      0x3d0 ../../Compiler/SGL_302j/LIB_COFF/LIBSGL.A(sglJ01.o)
                0x06064f80                SlaveControl
                0x0606533c                ErasePolygonData
 SLPROG         0x06065350      0x75c ../../Compiler/SGL_302j/LIB_COFF/LIBSGL.A(sglI00.o)
                0x06065640                slInitInterrupt
 *fill*         0x06065aac        0x4 00
 SLPROG         0x06065ab0      0x134 ../../Compiler/SGL_302j/LIB_COFF/LIBSGL.A(sglC00.o)
                0x06065ab0                slInitSprite
 *fill*         0x06065be4        0xc 00
 SLPROG         0x06065bf0       0xd4 ../../Compiler/SGL_302j/LIB_COFF/LIBSGL.A(sglB035.o)
                0x06065bf0                sl1MapRA
                0x06065c82                rbank_set
 *fill*         0x06065cc4        0xc 00
 SLPROG         0x06065cd0     0x411e ../../Compiler/SGL_302j/LIB_COFF/LIBSGL.A(sglA01.o)
                0x06065dac                sin_cos_index_tbl
                0x06065cd0                slSin
                0x06065dec                sin_tbl
                0x06065d18                GetSinCos
                0x06065cf4                slCos
 *fill*         0x06069dee        0x2 00
 SLPROG         0x06069df0       0x40 ../../Compiler/SGL_302j/LIB_COFF/LIBSGL.A(sglC20.o)
                0x06069df0                SpriteEntry
 SLPROG         0x06069e30      0x140 ../../Compiler/SGL_302j/LIB_COFF/LIBSGL.A(sglJ03.o)
                0x06069e30                sbMakeDMATable
 SLPROG         0x06069f70     0x12b8 ../../Compiler/SGL_302j/LIB_COFF/LIBSGL.A(sglJ02.o)
                0x0606b1a4                stvtc_1
                0x0606aedc                stvtc_4
                0x0606ae9c                SetPolygon
                0x0606af94                stvtc_3
                0x0606b1cc                stvtc_0
                0x0606aea4                SetPosition
                0x0606a158                sbCalcPolygon
                0x0606ae90                SetTexture
                0x06069f70                sbMakePolygon
                0x0606b1b8                stvtc_2
 *fill*         0x0606b228        0x8 00
 SLPROG         0x0606b230      0x470 ../../Compiler/SGL_302j/LIB_COFF/LIBSGL.A(sglJ04.o)
                0x0606b2f4                sbMakeRotSprite
                0x0606b28e                sbMakeSprite
 SLPROG         0x0606b6a0       0x3c ../../Compiler/SGL_302j/LIB_COFF/LIBSGL.A(sglJ05.o)
                0x0606b6a0                sbSortEntry
 *fill*         0x0606b6dc        0x4 00
 SLPROG         0x0606b6e0       0xf0 ../../Compiler/SGL_302j/LIB_COFF/LIBSGL.A(sglH03.o)
                0x0606b744                slSmpcIntBack
 SLPROG         0x0606b7d0       0x6a ../../Compiler/SGL_302j/LIB_COFF/LIBSGL.A(sglM01.o)
                0x0606b7fc                slSetDepthTbl
                0x0606b82c                DepthWorkArea
                0x0606b7d0                slSetDepthLimit
                0x0606b83a                __slprog_end = .

.tors           0x0606b840        0x0
                0x0606b840                ___ctors = .
 *(.ctors)
                0x0606b840                ___ctors_end = .
                0x0606b840                ___dtors = .
 *(.dtors)
                0x0606b840                ___dtors_end = .

.data           0x0606b840     0x7670
 *(.data)
 .data          0x0606b840       0x10 main.o
 .data          0x0606b850     0x6830 ../../jo_engine/audio.o
                0x0606b850                sddrvstsk
 .data          0x06072080       0x10 ../../jo_engine/fs.o
 .data          0x06072090      0x5b0 ../../jo_engine/math.o
                0x06072090                JoCosLookupTable
 .data          0x06072640       0x30 ../../jo_engine/sprites.o
                0x06072650                __jo_sprite_attributes
                0x06072644                __jo_sprite_pos
                0x06072640                __jo_gouraud_shading_runtime_index
 .data          0x06072670       0x10 ../../jo_engine/sprite_animator.o
 .data          0x06072680       0x80 ../../Compiler/SGL_302j/LIB_COFF/LIBSGL.A(sglIc0.o)
                0x06072680                IntPrioMask
 .data          0x06072700      0x380 m:/joengine-master/compiler/sh_coff/sh-coff/bin/../lib/gcc/sh-coff/4.0-GNUSH_v0601/../../../../sh-coff/lib\libc.a(impure.o)
                0x06072a7c                _impure_ptr
 .data          0x06072a80       0x20 m:/joengine-master/compiler/sh_coff/sh-coff/bin/../lib/gcc/sh-coff/4.0-GNUSH_v0601/../../../../sh-coff/lib\libc.a(locale.o)
                0x06072a8c                __mb_cur_max
                0x06072a80                __lc_ctype
 .data          0x06072aa0      0x410 m:/joengine-master/compiler/sh_coff/sh-coff/bin/../lib/gcc/sh-coff/4.0-GNUSH_v0601/../../../../sh-coff/lib\libc.a(mallocr.o)
                0x06072aa8                __malloc_av_
                0x06072aa4                __malloc_trim_threshold
                0x06072aa0                __malloc_sbrk_base
                0x06072eb0                __edata = .

.bss            0x06072eb0    0x43d74
                0x06072eb0                __bstart = .
 *(.bss)
 .bss           0x06072eb0       0x60 main.o
 .bss           0x06072f10     0x2590 ../../jo_engine/fs.o
 .bss           0x060754a0    0x40030 ../../jo_engine/core.o
                0x060754a0                __jo_slave_done_flag
 .bss           0x060b54d0       0x80 ../../jo_engine/malloc.o
 .bss           0x060b5550       0x10 ../../jo_engine/sprites.o
 .bss           0x060b5560       0x50 ../../jo_engine/map.o
 .bss           0x060b55b0       0x10 ../../jo_engine/sprite_animator.o
 .bss           0x060b55c0       0x10 ../../jo_engine/time.o
 .bss           0x060b55d0        0x4 ../../Compiler/SGL_302j/LIB_COFF/SEGA_SYS.A(sys_exit.o)
 *fill*         0x060b55d4        0xc 00
 .bss           0x060b55e0        0x2 ../../Compiler/SGL_302j/LIB_COFF/LIBCD.A(CDC_REG.O)
 *fill*         0x060b55e2        0xe 00
 .bss           0x060b55f0        0xc ../../Compiler/SGL_302j/LIB_COFF/LIBCD.A(CDC_SUB.O)
 *fill*         0x060b55fc        0x4 00
 .bss           0x060b5600        0xc ../../Compiler/SGL_302j/LIB_COFF/LIBCD.A(GFS_TRN.O)
 *fill*         0x060b560c        0x4 00
 .bss           0x060b5610       0x10 m:/joengine-master/compiler/sh_coff/sh-coff/bin/../lib/gcc/sh-coff/4.0-GNUSH_v0601\libgcc.a(__main.o)
 .bss           0x060b5620       0x10 m:/joengine-master/compiler/sh_coff/sh-coff/bin/../lib/gcc/sh-coff/4.0-GNUSH_v0601/../../../../sh-coff/lib\libc.a(atexit.o)
 .bss           0x060b5630       0x10 m:/joengine-master/compiler/sh_coff/sh-coff/bin/../lib/gcc/sh-coff/4.0-GNUSH_v0601/../../../../sh-coff/lib\libc.a(locale.o)
                0x060b5634                __mlocale_changed
                0x060b5630                _PathLocale
                0x060b5638                __nlocale_changed
 .bss           0x060b5640       0x40 m:/joengine-master/compiler/sh_coff/sh-coff/bin/../lib/gcc/sh-coff/4.0-GNUSH_v0601/../../../../sh-coff/lib\libc.a(mallocr.o)
                0x060b5670                __malloc_top_pad
                0x060b5640                __malloc_current_mallinfo
                0x060b566c                __malloc_max_sbrked_mem
                0x060b5668                __malloc_max_total_mem
 .bss           0x060b5680       0x10 m:/joengine-master/compiler/sh_coff/sh-coff/bin/../lib/gcc/sh-coff/4.0-GNUSH_v0601/../../../../sh-coff/lib\libc.a(syscalls.o)
 *(COMMON)
 COMMON         0x060b5690        0x4 ../../jo_engine/fs.o
                0x060b5690                __jo_fs_background_job_count
 *fill*         0x060b5694        0xc 00
 COMMON         0x060b56a0       0x10 ../../jo_engine/storyboard.o
                0x060b56a0                __storyboards
 COMMON         0x060b56b0       0x40 ../../jo_engine/core.o
                0x060b56b0                __jo_last_error
 COMMON         0x060b56f0       0x40 ../../jo_engine/tools.o
                0x060b56f0                __jo_sprintf_buf
 COMMON         0x060b5730     0x13f8 ../../jo_engine/sprites.o
                0x060b5730                __jo_sprite_def
                0x060b5f30                __jo_hash_table
                0x060b6330                __jo_sprite_pic
 *fill*         0x060b6b28        0x8 00
 COMMON         0x060b6b30       0xc0 ../../jo_engine/sprite_animator.o
                0x060b6b30                __jo_sprite_anim_tab
 COMMON         0x060b6bf0        0xc ../../Compiler/SGL_302j/LIB_COFF/LIBCD.A(GFS.O)
                0x060b6bf0                GFMC_base
                0x060b6bf4                gfs_mng_ptr
                0x060b6bf8                gfs_use_scudma
 *fill*         0x060b6bfc        0x4 00
 COMMON         0x060b6c00        0x8 ../../Compiler/SGL_302j/LIB_COFF/LIBCD.A(GFS_CDF.O)
                0x060b6c00                gfcf_fad
                0x060b6c04                gfcf_stat
 *fill*         0x060b6c08        0x8 00
 COMMON         0x060b6c10        0xc ../../Compiler/SGL_302j/LIB_COFF/LIBCD.A(GFS_CDC.O)
                0x060b6c10                gfcd_fatal_err
                0x060b6c14                gfcd_work
                0x060b6c18                gfcd_playflag
 *fill*         0x060b6c1c        0x4 00
 COMMON         0x060b6c20        0x4 m:/joengine-master/compiler/sh_coff/sh-coff/bin/../lib/gcc/sh-coff/4.0-GNUSH_v0601/../../../../sh-coff/lib\libc.a(syscalls.o)
                0x060b6c20                errno
                0x060b6c24                __bend = .
                0x060b6c24                _end = .
LOAD ../../Compiler/SGL_302j/LIB_COFF/SGLAREA.O
LOAD main.o
LOAD ../../jo_engine/tga.o
LOAD ../../jo_engine/audio.o
LOAD ../../jo_engine/fs.o
LOAD ../../jo_engine/storyboard.o
LOAD ../../jo_engine/font.o
LOAD ../../jo_engine/input.o
LOAD ../../jo_engine/physics.o
LOAD ../../jo_engine/core.o
LOAD ../../jo_engine/math.o
LOAD ../../jo_engine/malloc.o
LOAD ../../jo_engine/tools.o
LOAD ../../jo_engine/sprites.o
LOAD ../../jo_engine/map.o
LOAD ../../jo_engine/list.o
LOAD ../../jo_engine/sprite_animator.o
LOAD ../../jo_engine/image.o
LOAD ../../jo_engine/background.o
LOAD ../../jo_engine/time.o
LOAD ../../jo_engine/vdp1_command_pipeline.o
LOAD ../../Compiler/SGL_302j/LIB_COFF/SEGA_SYS.A
LOAD ../../Compiler/SGL_302j/LIB_COFF/LIBCD.A
LOAD ../../Compiler/SGL_302j/LIB_COFF/LIBSGL.A
LOAD m:/joengine-master/compiler/sh_coff/sh-coff/bin/../lib/gcc/sh-coff/4.0-GNUSH_v0601\libgcc.a
LOAD m:/joengine-master/compiler/sh_coff/sh-coff/bin/../lib/gcc/sh-coff/4.0-GNUSH_v0601/../../../../sh-coff/lib\libc.a
LOAD m:/joengine-master/compiler/sh_coff/sh-coff/bin/../lib/gcc/sh-coff/4.0-GNUSH_v0601\libgcc.a
OUTPUT(sl_coff.coff coff-sh)

.comment        0x060b6c30      0x9a0
 .comment       0x060b6c30       0x20 m:/joengine-master/compiler/sh_coff/sh-coff/bin/../lib/gcc/sh-coff/4.0-GNUSH_v0601\libgcc.a(_si_to_sf.o)
 .comment       0x060b6c50       0x20 m:/joengine-master/compiler/sh_coff/sh-coff/bin/../lib/gcc/sh-coff/4.0-GNUSH_v0601\libgcc.a(_mul_sf.o)
 .comment       0x060b6c70       0x20 m:/joengine-master/compiler/sh_coff/sh-coff/bin/../lib/gcc/sh-coff/4.0-GNUSH_v0601\libgcc.a(_sf_to_si.o)
 .comment       0x060b6c90       0x20 m:/joengine-master/compiler/sh_coff/sh-coff/bin/../lib/gcc/sh-coff/4.0-GNUSH_v0601\libgcc.a(__main.o)
 .comment       0x060b6cb0       0x20 m:/joengine-master/compiler/sh_coff/sh-coff/bin/../lib/gcc/sh-coff/4.0-GNUSH_v0601\libgcc.a(_le_sf.o)
 .comment       0x060b6cd0       0x20 m:/joengine-master/compiler/sh_coff/sh-coff/bin/../lib/gcc/sh-coff/4.0-GNUSH_v0601\libgcc.a(_ge_sf.o)
 .comment       0x060b6cf0       0x20 m:/joengine-master/compiler/sh_coff/sh-coff/bin/../lib/gcc/sh-coff/4.0-GNUSH_v0601\libgcc.a(_gt_sf.o)
 .comment       0x060b6d10       0x20 m:/joengine-master/compiler/sh_coff/sh-coff/bin/../lib/gcc/sh-coff/4.0-GNUSH_v0601\libgcc.a(_div_sf.o)
 .comment       0x060b6d30       0x20 m:/joengine-master/compiler/sh_coff/sh-coff/bin/../lib/gcc/sh-coff/4.0-GNUSH_v0601\libgcc.a(_lt_sf.o)
 .comment       0x060b6d50       0x20 m:/joengine-master/compiler/sh_coff/sh-coff/bin/../lib/gcc/sh-coff/4.0-GNUSH_v0601\libgcc.a(_addsub_sf.o)
 .comment       0x060b6d70       0x20 m:/joengine-master/compiler/sh_coff/sh-coff/bin/../lib/gcc/sh-coff/4.0-GNUSH_v0601\libgcc.a(_sf_to_df.o)
 .comment       0x060b6d90       0x20 m:/joengine-master/compiler/sh_coff/sh-coff/bin/../lib/gcc/sh-coff/4.0-GNUSH_v0601\libgcc.a(_df_to_sf.o)
 .comment       0x060b6db0       0x20 m:/joengine-master/compiler/sh_coff/sh-coff/bin/../lib/gcc/sh-coff/4.0-GNUSH_v0601\libgcc.a(_addsub_df.o)
 .comment       0x060b6dd0       0x20 m:/joengine-master/compiler/sh_coff/sh-coff/bin/../lib/gcc/sh-coff/4.0-GNUSH_v0601\libgcc.a(_si_to_df.o)
 .comment       0x060b6df0       0x20 m:/joengine-master/compiler/sh_coff/sh-coff/bin/../lib/gcc/sh-coff/4.0-GNUSH_v0601\libgcc.a(_mul_df.o)
 .comment       0x060b6e10       0x20 m:/joengine-master/compiler/sh_coff/sh-coff/bin/../lib/gcc/sh-coff/4.0-GNUSH_v0601\libgcc.a(_div_df.o)
 .comment       0x060b6e30       0x20 m:/joengine-master/compiler/sh_coff/sh-coff/bin/../lib/gcc/sh-coff/4.0-GNUSH_v0601\libgcc.a(_df_to_si.o)
 .comment       0x060b6e50       0x20 m:/joengine-master/compiler/sh_coff/sh-coff/bin/../lib/gcc/sh-coff/4.0-GNUSH_v0601\libgcc.a(_pack_sf.o)
 .comment       0x060b6e70       0x20 m:/joengine-master/compiler/sh_coff/sh-coff/bin/../lib/gcc/sh-coff/4.0-GNUSH_v0601\libgcc.a(_unpack_sf.o)
 .comment       0x060b6e90       0x20 m:/joengine-master/compiler/sh_coff/sh-coff/bin/../lib/gcc/sh-coff/4.0-GNUSH_v0601\libgcc.a(_muldi3.o)
 .comment       0x060b6eb0       0x20 m:/joengine-master/compiler/sh_coff/sh-coff/bin/../lib/gcc/sh-coff/4.0-GNUSH_v0601\libgcc.a(_thenan_sf.o)
 .comment       0x060b6ed0       0x20 m:/joengine-master/compiler/sh_coff/sh-coff/bin/../lib/gcc/sh-coff/4.0-GNUSH_v0601\libgcc.a(_fpcmp_parts_sf.o)
 .comment       0x060b6ef0       0x20 m:/joengine-master/compiler/sh_coff/sh-coff/bin/../lib/gcc/sh-coff/4.0-GNUSH_v0601\libgcc.a(_make_df.o)
 .comment       0x060b6f10       0x20 m:/joengine-master/compiler/sh_coff/sh-coff/bin/../lib/gcc/sh-coff/4.0-GNUSH_v0601\libgcc.a(_unpack_df.o)
 .comment       0x060b6f30       0x20 m:/joengine-master/compiler/sh_coff/sh-coff/bin/../lib/gcc/sh-coff/4.0-GNUSH_v0601\libgcc.a(_make_sf.o)
 .comment       0x060b6f50       0x20 m:/joengine-master/compiler/sh_coff/sh-coff/bin/../lib/gcc/sh-coff/4.0-GNUSH_v0601\libgcc.a(_thenan_df.o)
 .comment       0x060b6f70       0x20 m:/joengine-master/compiler/sh_coff/sh-coff/bin/../lib/gcc/sh-coff/4.0-GNUSH_v0601\libgcc.a(_pack_df.o)
 .comment       0x060b6f90       0x20 m:/joengine-master/compiler/sh_coff/sh-coff/bin/../lib/gcc/sh-coff/4.0-GNUSH_v0601/../../../../sh-coff/lib\libc.a(sprintf.o)
 .comment       0x060b6fb0       0x20 m:/joengine-master/compiler/sh_coff/sh-coff/bin/../lib/gcc/sh-coff/4.0-GNUSH_v0601/../../../../sh-coff/lib\libc.a(memcmp.o)
 .comment       0x060b6fd0       0x20 m:/joengine-master/compiler/sh_coff/sh-coff/bin/../lib/gcc/sh-coff/4.0-GNUSH_v0601/../../../../sh-coff/lib\libc.a(strncmp.o)
 .comment       0x060b6ff0       0x20 m:/joengine-master/compiler/sh_coff/sh-coff/bin/../lib/gcc/sh-coff/4.0-GNUSH_v0601/../../../../sh-coff/lib\libc.a(strncpy.o)
 .comment       0x060b7010       0x20 m:/joengine-master/compiler/sh_coff/sh-coff/bin/../lib/gcc/sh-coff/4.0-GNUSH_v0601/../../../../sh-coff/lib\libc.a(atexit.o)
 .comment       0x060b7030       0x20 m:/joengine-master/compiler/sh_coff/sh-coff/bin/../lib/gcc/sh-coff/4.0-GNUSH_v0601/../../../../sh-coff/lib\libc.a(vfprintf.o)
 .comment       0x060b7050       0x20 m:/joengine-master/compiler/sh_coff/sh-coff/bin/../lib/gcc/sh-coff/4.0-GNUSH_v0601/../../../../sh-coff/lib\libc.a(impure.o)
 .comment       0x060b7070       0x20 m:/joengine-master/compiler/sh_coff/sh-coff/bin/../lib/gcc/sh-coff/4.0-GNUSH_v0601/../../../../sh-coff/lib\libc.a(malloc.o)
 .comment       0x060b7090       0x20 m:/joengine-master/compiler/sh_coff/sh-coff/bin/../lib/gcc/sh-coff/4.0-GNUSH_v0601/../../../../sh-coff/lib\libc.a(fvwrite.o)
 .comment       0x060b70b0       0x20 m:/joengine-master/compiler/sh_coff/sh-coff/bin/../lib/gcc/sh-coff/4.0-GNUSH_v0601/../../../../sh-coff/lib\libc.a(locale.o)
 .comment       0x060b70d0       0x20 m:/joengine-master/compiler/sh_coff/sh-coff/bin/../lib/gcc/sh-coff/4.0-GNUSH_v0601/../../../../sh-coff/lib\libc.a(freer.o)
 .comment       0x060b70f0       0x20 m:/joengine-master/compiler/sh_coff/sh-coff/bin/../lib/gcc/sh-coff/4.0-GNUSH_v0601/../../../../sh-coff/lib\libc.a(findfp.o)
 .comment       0x060b7110       0x20 m:/joengine-master/compiler/sh_coff/sh-coff/bin/../lib/gcc/sh-coff/4.0-GNUSH_v0601/../../../../sh-coff/lib\libc.a(fflush.o)
 .comment       0x060b7130       0x20 m:/joengine-master/compiler/sh_coff/sh-coff/bin/../lib/gcc/sh-coff/4.0-GNUSH_v0601/../../../../sh-coff/lib\libc.a(wsetup.o)
 .comment       0x060b7150       0x20 m:/joengine-master/compiler/sh_coff/sh-coff/bin/../lib/gcc/sh-coff/4.0-GNUSH_v0601/../../../../sh-coff/lib\libc.a(wcrtomb.o)
 .comment       0x060b7170       0x20 m:/joengine-master/compiler/sh_coff/sh-coff/bin/../lib/gcc/sh-coff/4.0-GNUSH_v0601/../../../../sh-coff/lib\libc.a(s_isinf.o)
 .comment       0x060b7190       0x20 m:/joengine-master/compiler/sh_coff/sh-coff/bin/../lib/gcc/sh-coff/4.0-GNUSH_v0601/../../../../sh-coff/lib\libc.a(memchr.o)
 .comment       0x060b71b0       0x20 m:/joengine-master/compiler/sh_coff/sh-coff/bin/../lib/gcc/sh-coff/4.0-GNUSH_v0601/../../../../sh-coff/lib\libc.a(mallocr.o)
 .comment       0x060b71d0       0x20 m:/joengine-master/compiler/sh_coff/sh-coff/bin/../lib/gcc/sh-coff/4.0-GNUSH_v0601/../../../../sh-coff/lib\libc.a(wcsrtombs.o)
 .comment       0x060b71f0       0x20 m:/joengine-master/compiler/sh_coff/sh-coff/bin/../lib/gcc/sh-coff/4.0-GNUSH_v0601/../../../../sh-coff/lib\libc.a(s_isnan.o)
 .comment       0x060b7210       0x20 m:/joengine-master/compiler/sh_coff/sh-coff/bin/../lib/gcc/sh-coff/4.0-GNUSH_v0601/../../../../sh-coff/lib\libc.a(dtoa.o)
 .comment       0x060b7230       0x20 m:/joengine-master/compiler/sh_coff/sh-coff/bin/../lib/gcc/sh-coff/4.0-GNUSH_v0601/../../../../sh-coff/lib\libc.a(memmove.o)
 .comment       0x060b7250       0x20 m:/joengine-master/compiler/sh_coff/sh-coff/bin/../lib/gcc/sh-coff/4.0-GNUSH_v0601/../../../../sh-coff/lib\libc.a(reallocr.o)
 .comment       0x060b7270       0x20 m:/joengine-master/compiler/sh_coff/sh-coff/bin/../lib/gcc/sh-coff/4.0-GNUSH_v0601/../../../../sh-coff/lib\libc.a(mlock.o)
 .comment       0x060b7290       0x20 m:/joengine-master/compiler/sh_coff/sh-coff/bin/../lib/gcc/sh-coff/4.0-GNUSH_v0601/../../../../sh-coff/lib\libc.a(sbrkr.o)
 .comment       0x060b72b0       0x20 m:/joengine-master/compiler/sh_coff/sh-coff/bin/../lib/gcc/sh-coff/4.0-GNUSH_v0601/../../../../sh-coff/lib\libc.a(stdio.o)
 .comment       0x060b72d0       0x20 m:/joengine-master/compiler/sh_coff/sh-coff/bin/../lib/gcc/sh-coff/4.0-GNUSH_v0601/../../../../sh-coff/lib\libc.a(fclose.o)
 .comment       0x060b72f0       0x20 m:/joengine-master/compiler/sh_coff/sh-coff/bin/../lib/gcc/sh-coff/4.0-GNUSH_v0601/../../../../sh-coff/lib\libc.a(fwalk.o)
 .comment       0x060b7310       0x20 m:/joengine-master/compiler/sh_coff/sh-coff/bin/../lib/gcc/sh-coff/4.0-GNUSH_v0601/../../../../sh-coff/lib\libc.a(makebuf.o)
 .comment       0x060b7330       0x20 m:/joengine-master/compiler/sh_coff/sh-coff/bin/../lib/gcc/sh-coff/4.0-GNUSH_v0601/../../../../sh-coff/lib\libc.a(wctomb_r.o)
 .comment       0x060b7350       0x20 m:/joengine-master/compiler/sh_coff/sh-coff/bin/../lib/gcc/sh-coff/4.0-GNUSH_v0601/../../../../sh-coff/lib\libc.a(mprec.o)
 .comment       0x060b7370       0x20 m:/joengine-master/compiler/sh_coff/sh-coff/bin/../lib/gcc/sh-coff/4.0-GNUSH_v0601/../../../../sh-coff/lib\libc.a(syscalls.o)
 .comment       0x060b7390       0x20 m:/joengine-master/compiler/sh_coff/sh-coff/bin/../lib/gcc/sh-coff/4.0-GNUSH_v0601/../../../../sh-coff/lib\libc.a(readr.o)
 .comment       0x060b73b0       0x20 m:/joengine-master/compiler/sh_coff/sh-coff/bin/../lib/gcc/sh-coff/4.0-GNUSH_v0601/../../../../sh-coff/lib\libc.a(writer.o)
 .comment       0x060b73d0       0x20 m:/joengine-master/compiler/sh_coff/sh-coff/bin/../lib/gcc/sh-coff/4.0-GNUSH_v0601/../../../../sh-coff/lib\libc.a(lseekr.o)
 .comment       0x060b73f0       0x20 m:/joengine-master/compiler/sh_coff/sh-coff/bin/../lib/gcc/sh-coff/4.0-GNUSH_v0601/../../../../sh-coff/lib\libc.a(closer.o)
 .comment       0x060b7410       0x20 m:/joengine-master/compiler/sh_coff/sh-coff/bin/../lib/gcc/sh-coff/4.0-GNUSH_v0601/../../../../sh-coff/lib\libc.a(fstatr.o)
 .comment       0x060b7430       0x20 m:/joengine-master/compiler/sh_coff/sh-coff/bin/../lib/gcc/sh-coff/4.0-GNUSH_v0601/../../../../sh-coff/lib\libc.a(callocr.o)
 .comment       0x060b7450       0x20 m:/joengine-master/compiler/sh_coff/sh-coff/bin/../lib/gcc/sh-coff/4.0-GNUSH_v0601/../../../../sh-coff/lib\libc.a(abort.o)
 .comment       0x060b7470       0x20 m:/joengine-master/compiler/sh_coff/sh-coff/bin/../lib/gcc/sh-coff/4.0-GNUSH_v0601/../../../../sh-coff/lib\libc.a(signal.o)
 .comment       0x060b7490       0x20 m:/joengine-master/compiler/sh_coff/sh-coff/bin/../lib/gcc/sh-coff/4.0-GNUSH_v0601/../../../../sh-coff/lib\libc.a(signalr.o)
 .comment       0x060b74b0       0x20 m:/joengine-master/compiler/sh_coff/sh-coff/bin/../lib/gcc/sh-coff/4.0-GNUSH_v0601\libgcc.a(_eq_df.o)
 .comment       0x060b74d0       0x20 m:/joengine-master/compiler/sh_coff/sh-coff/bin/../lib/gcc/sh-coff/4.0-GNUSH_v0601\libgcc.a(_ne_df.o)
 .comment       0x060b74f0       0x20 m:/joengine-master/compiler/sh_coff/sh-coff/bin/../lib/gcc/sh-coff/4.0-GNUSH_v0601\libgcc.a(_lt_df.o)
 .comment       0x060b7510       0x20 m:/joengine-master/compiler/sh_coff/sh-coff/bin/../lib/gcc/sh-coff/4.0-GNUSH_v0601\libgcc.a(_udivdi3.o)
 .comment       0x060b7530       0x20 m:/joengine-master/compiler/sh_coff/sh-coff/bin/../lib/gcc/sh-coff/4.0-GNUSH_v0601\libgcc.a(_umoddi3.o)
 .comment       0x060b7550       0x20 m:/joengine-master/compiler/sh_coff/sh-coff/bin/../lib/gcc/sh-coff/4.0-GNUSH_v0601\libgcc.a(_gt_df.o)
 .comment       0x060b7570       0x20 m:/joengine-master/compiler/sh_coff/sh-coff/bin/../lib/gcc/sh-coff/4.0-GNUSH_v0601\libgcc.a(_ge_df.o)
 .comment       0x060b7590       0x20 m:/joengine-master/compiler/sh_coff/sh-coff/bin/../lib/gcc/sh-coff/4.0-GNUSH_v0601\libgcc.a(_fpcmp_parts_df.o)
 .comment       0x060b75b0       0x20 m:/joengine-master/compiler/sh_coff/sh-coff/bin/../lib/gcc/sh-coff/4.0-GNUSH_v0601\libgcc.a(_clz.o)
