Archive member included because of file (symbol)

../../Compiler/SGL_302j/LIB_COFF/SEGA_SYS.A(sys_exit.o)
                              ../../jo_engine/core.o (SYS_Exit)
../../Compiler/SGL_302j/LIB_COFF/SEGA_SYS.A(sys_sub.o)
                              ../../Compiler/SGL_302j/LIB_COFF/SEGA_SYS.A(sys_exit.o) (SYSUB_SetStackptr)
../../Compiler/SGL_302j/LIB_COFF/LIBCD.A(CDC_DRV.O)
                              ../../jo_engine/audio.o (CDC_CdPlay)
../../Compiler/SGL_302j/LIB_COFF/LIBCD.A(CDC_CMN.O)
                              ../../Compiler/SGL_302j/LIB_COFF/SEGA_SYS.A(sys_exit.o) (CDC_GetCurStat)
../../Compiler/SGL_302j/LIB_COFF/LIBCD.A(GFS.O)
                              ../../jo_engine/fs.o (GFS_Init)
../../Compiler/SGL_302j/LIB_COFF/LIBCD.A(CDC_REG.O)
                              ../../Compiler/SGL_302j/LIB_COFF/SEGA_SYS.A(sys_exit.o) (CDC_GetHirqReq)
../../Compiler/SGL_302j/LIB_COFF/LIBCD.A(CDC_CFS.O)
                              ../../Compiler/SGL_302j/LIB_COFF/SEGA_SYS.A(sys_exit.o) (CDC_ChgDir)
../../Compiler/SGL_302j/LIB_COFF/LIBCD.A(CDC_SUB.O)
                              ../../Compiler/SGL_302j/LIB_COFF/LIBCD.A(CDC_CMN.O) (CDSUB_UpdStatus)
../../Compiler/SGL_302j/LIB_COFF/LIBCD.A(GFS_CDF.O)
                              ../../Compiler/SGL_302j/LIB_COFF/LIBCD.A(GFS.O) (GFCF_Init)
../../Compiler/SGL_302j/LIB_COFF/LIBCD.A(GFS_DIR.O)
                              ../../Compiler/SGL_302j/LIB_COFF/LIBCD.A(GFS.O) (GFDR_SetupDirTbl)
../../Compiler/SGL_302j/LIB_COFF/LIBCD.A(GFS_TRN.O)
                              ../../Compiler/SGL_302j/LIB_COFF/LIBCD.A(GFS.O) (GFTR_Setup)
../../Compiler/SGL_302j/LIB_COFF/LIBCD.A(GFS_BUF.O)
                              ../../Compiler/SGL_302j/LIB_COFF/LIBCD.A(GFS.O) (GFBF_GetNumData)
../../Compiler/SGL_302j/LIB_COFF/LIBCD.A(GFS_CDB.O)
                              ../../Compiler/SGL_302j/LIB_COFF/LIBCD.A(GFS_CDF.O) (GFCB_Setup)
../../Compiler/SGL_302j/LIB_COFF/LIBCD.A(GFS_CDC.O)
                              ../../Compiler/SGL_302j/LIB_COFF/LIBCD.A(GFS.O) (GFCD_SetCdbfs)
../../Compiler/SGL_302j/LIB_COFF/LIBCD.A(CDC_BIO.O)
                              ../../Compiler/SGL_302j/LIB_COFF/LIBCD.A(GFS_CDC.O) (CDC_SetSctLen)
../../Compiler/SGL_302j/LIB_COFF/LIBCD.A(CDC_SEL.O)
                              ../../Compiler/SGL_302j/LIB_COFF/LIBCD.A(GFS_CDC.O) (CDC_SetFiltRange)
../../Compiler/SGL_302j/LIB_COFF/LIBCD.A(CDC_BIF.O)
                              ../../Compiler/SGL_302j/LIB_COFF/LIBCD.A(GFS_CDC.O) (CDC_GetBufSiz)
../../Compiler/SGL_302j/LIB_COFF/LIBCD.A(CDC_DEV.O)
                              ../../Compiler/SGL_302j/LIB_COFF/LIBCD.A(GFS_CDC.O) (CDC_CdSetCon)
../../Compiler/SGL_302j/LIB_COFF/LIBSGL.A(sglH00.o)
                              main.o (Smpc_Peripheral)
../../Compiler/SGL_302j/LIB_COFF/LIBSGL.A(sglG01.o)
                              ../../jo_engine/audio.o (slSndVolume)
../../Compiler/SGL_302j/LIB_COFF/LIBSGL.A(sglG00.o)
                              ../../jo_engine/audio.o (slInitSound)
../../Compiler/SGL_302j/LIB_COFF/LIBSGL.A(sglG19.o)
                              ../../jo_engine/audio.o (slCDDAOn)
../../Compiler/SGL_302j/LIB_COFF/LIBSGL.A(sglG25.o)
                              ../../jo_engine/audio.o (slPCMStat)
../../Compiler/SGL_302j/LIB_COFF/LIBSGL.A(sglG21.o)
                              ../../jo_engine/audio.o (slPCMOn)
../../Compiler/SGL_302j/LIB_COFF/LIBSGL.A(sglG22.o)
                              ../../jo_engine/audio.o (slPCMOff)
../../Compiler/SGL_302j/LIB_COFF/LIBSGL.A(sglD00.o)
                              ../../jo_engine/sprites.o (slDMACopy)
../../Compiler/SGL_302j/LIB_COFF/LIBSGL.A(sglA15.o)
                              ../../jo_engine/core.o (slSlaveFunc)
../../Compiler/SGL_302j/LIB_COFF/LIBSGL.A(sglI01.o)
                              ../../jo_engine/core.o (slSynch)
../../Compiler/SGL_302j/LIB_COFF/LIBSGL.A(sglF00.o)
                              ../../jo_engine/core.o (slCurColor)
../../Compiler/SGL_302j/LIB_COFF/LIBSGL.A(sglIc0.o)
                              ../../jo_engine/core.o (slInitSystem)
../../Compiler/SGL_302j/LIB_COFF/LIBSGL.A(sglB001.o)
                              ../../jo_engine/core.o (slTVOn)
../../Compiler/SGL_302j/LIB_COFF/LIBSGL.A(sglB063.o)
                              ../../jo_engine/core.o (slPriority)
../../Compiler/SGL_302j/LIB_COFF/LIBSGL.A(sglB016.o)
                              ../../jo_engine/core.o (slBack1ColSet)
../../Compiler/SGL_302j/LIB_COFF/LIBSGL.A(sglB200.o)
                              ../../jo_engine/core.o (slCharNbg0)
../../Compiler/SGL_302j/LIB_COFF/LIBSGL.A(sglB056.o)
                              ../../jo_engine/core.o (slPlaneNbg1)
../../Compiler/SGL_302j/LIB_COFF/LIBSGL.A(sglB032.o)
                              ../../jo_engine/core.o (slMapNbg1)
../../Compiler/SGL_302j/LIB_COFF/LIBSGL.A(sglB011.o)
                              ../../jo_engine/core.o (slBitMapNbg1)
../../Compiler/SGL_302j/LIB_COFF/LIBSGL.A(sglB053.o)
[...]
Memory Configuration

Name             Origin             Length             Attributes
*default*        0x00000000         0xffffffff

Linker script and memory map

TARGET(coff-sh)

SLSTART         0x06004000       0x30
                0x06004000                ___Start = .
 *(SLSTART)
 SLSTART        0x06004000       0x28 ../../Compiler/SGL_302j/LIB_COFF/LIBSGL.A(sglI00.o)
                0x06004002                slStartSGL
                0x06004000                SGL_Start

.text           0x06004040    0x57100
 *(.text)
 .text          0x06004040    0x40be0 main.o
                0x06004040                SpriteBg
                0x06044220                jo_main
                0x0604497c                my_gamepad
                0x060440c8                init_game
                0x06044290                next_level
                0x060446ea                my_draw
                0x0604404e                load_blop_sound
                0x060443cc                draw_water
                0x06044360                restart_game
 .text          0x06044c20      0x790 ../../jo_engine/tga.o
                0x06045270                jo_tga_loader_from_stream
                0x060451a0                jo_sprite_add_tga
                0x06045310                jo_sprite_add_tga_from_stream
                0x060450fc                jo_tga_loader
                0x06044d96                jo_sprite_add_tga_tileset
                0x06044c5e                __jo_tga_load
 .text          0x060453b0      0x430 ../../jo_engine/audio.o
                0x06045414                jo_audio_init
                0x06045618                jo_audio_usage_percent
                0x06045686                jo_audio_free_pcm
                0x060453f4                jo_audio_stop_cd
                0x060454ae                jo_audio_play_sound_on_channel
                0x06045582                jo_audio_play_sound
                0x060456d4                jo_audio_stop_sound
                0x0604577e                jo_audio_load_pcm
                0x060453b0                jo_audio_play_cd_track
                0x060453e8                jo_audio_set_volume
 .text          0x060457e0      0x9c0 ../../jo_engine/fs.o
                0x0604609c                jo_fs_seek_forward
                0x06045ed0                jo_fs_read_file
                0x06045e5a                jo_fs_set_read_sector_count
                0x060457fe                jo_fs_init
                0x06045bf6                jo_fs_open
                0x060459da                jo_fs_read_file_async
                0x06045de8                jo_fs_close
                0x06045d04                jo_fs_read_next_bytes
                0x06045b44                jo_fs_cd
                0x06045884                jo_fs_do_background_jobs
                0x06046028                jo_fs_read_file_in_dir
 .text          0x060461a0      0x420 ../../jo_engine/storyboard.o
                0x06046210                jo_execute_storyboards
                0x060461c0                jo_storyboard_create_animation
                0x060464ec                jo_storyboard_create
                0x060461a0                jo_init_storyboards
                0x06046544                jo_storyboard_destroy
 .text          0x060465c0      0x570 ../../jo_engine/font.o
                0x060468cc                jo_font_print_centered
                0x06046a1a                jo_font_print
                0x06046636                jo_font_load
 .text          0x06046b30       0x50 ../../jo_engine/input.o
                0x06046b30                jo_get_input_type
 .text          0x06046b80      0x9b0 ../../jo_engine/core.o
                0x06046ba4                jo_core_wait_for_slave
                0x06046c3e                jo_core_suspend
                0x0604713a                jo_core_add_callback
                0x06046bc4                jo_core_exec_on_slave
                0x06047444                jo_core_run
                0x06047012                jo_core_remove_slave_callback
                0x06046f94                jo_dump_vdp1_registers
                0x06046bd8                jo_goto_boot_menu
                0x06047082                jo_core_add_slave_callback
                0x06046daa                __jo_core_error
                0x060470e4                jo_core_remove_callback
                0x06046f20                jo_dump_vdp2_registers
                0x060471d6                jo_core_init
                0x06046be4                main
 .text          0x06047530      0x3c0 ../../jo_engine/math.o
                0x06047530                jo_random
                0x0604782c                jo_planar_rotate
                0x06047764                jo_sqrt
                0x060477d0                jo_gcd
                0x060475a4                jo_atan2f_rad
 .text          0x060478f0      0x400 ../../jo_engine/malloc.o
                0x06047c6c                jo_memory_fragmentation
                0x06047b3c                jo_memory_usage_percent
                0x060478f0                jo_add_memory_zone
                0x06047aa8                jo_free
                0x06047984                jo_malloc_with_behaviour
 .text          0x06047cf0      0x450 ../../jo_engine/tools.o
                0x060480ac                jo_endwith
                0x06047f50                jo_getdate
                0x06047d9a                jo_clear_screen
                0x06047e52                jo_strlen
                0x06047d58                jo_get_current_language
                0x06047de6                jo_tools_atoi
                0x06047d08                jo_print
                0x06047e9c                jo_memset
                0x06047ef0                jo_map_to_vram
 .text          0x06048140      0x8a0 ../../jo_engine/sprites.o
                0x060485c8                jo_sprite_usage_percent
                0x0604881e                jo_sprite_add_8bits_image
                0x060488d2                jo_sprite_draw
                0x06048140                jo_get_last_sprite_id
                0x060481c8                jo_sprite_init
                0x06048212                jo_sprite_name2id
                0x060482e2                jo_sprite_draw_rotate
                0x060484c4                jo_sprite_replace
                0x06048284                jo_set_gouraud_shading_colors
                0x0604814c                jo_sprite_free_from
                0x060482ac                jo_set_gouraud_shading_brightness
                0x0604887a                jo_sprite_add
 .text          0x060489e0      0x8e0 ../../jo_engine/map.o
                0x06049098                jo_map_per_pixel_vertical_collision
                0x060491e0                jo_map_draw
                0x060489fe                jo_map_create
                0x06048b4c                jo_map_add_tile
                0x06048b70                jo_map_add_animated_tile
                0x06048d9a                jo_map_load_from_file
                0x06048c20                jo_map_free
                0x06048c38                jo_map_move_tiles_by_attribute
                0x06048ca8                jo_map_hitbox_detection_custom_boundaries
                0x06048b94                jo_map_draw_background
 .text          0x060492c0       0xf0 ../../jo_engine/list.o
                0x060492c0                jo_list_remove
                0x06049304                jo_list_init
                0x0604932e                jo_list_add
 .text          0x060493b0      0x280 ../../jo_engine/sprite_animator.o
                0x06049608                jo_clear_all_sprite_anim
                0x0604954c                jo_create_sprite_anim
                0x0604946e                jo_replace_sprite_anim
 .text          0x06049630      0x800 ../../jo_engine/image.o
                0x06049648                jo_free_img
                0x06049cf2                jo_sprite_add_image_pack
                0x06049712                __jo_bin_load
                0x060496a2                jo_replace_color
                0x06049aa0                jo_sprite_add_bin_from_stream
                0x0604997e                jo_bin_loader_from_stream
                0x060497c6                jo_sprite_add_bin_tileset
                0x06049b40                jo_bin_loader
                0x06049bd2                jo_sprite_add_bin
 .text          0x06049e30      0x170 ../../jo_engine/background.o
                0x06049f50                jo_clear_background
                0x06049ec0                jo_set_background_sprite
                0x06049e30                jo_draw_background_line
 .text          0x06049fa0      0x120 ../../jo_engine/time.o
                0x0604a08c                jo_time_init
                0x06049fa0                jo_get_ticks
 .text          0x0604a0c0      0x238 ../../Compiler/SGL_302j/LIB_COFF/SEGA_SYS.A(sys_exit.o)
                0x0604a0e0                SYS_Exit
                0x0604a0c0                sys_version
 *fill*         0x0604a2f8        0x8 00
 .text          0x0604a300        0x6 ../../Compiler/SGL_302j/LIB_COFF/SEGA_SYS.A(sys_sub.o)
                0x0604a300                SYSUB_SetStackptr
 *fill*         0x0604a306        0xa 00
 .text          0x0604a310      0x130 ../../Compiler/SGL_302j/LIB_COFF/LIBCD.A(CDC_DRV.O)
                0x0604a310                CDC_CdPlay
                0x0604a3dc                CDC_CdSeek
                0x0604a410                CDC_CdScan
 .text          0x0604a440      0x3a0 ../../Compiler/SGL_302j/LIB_COFF/LIBCD.A(CDC_CMN.O)
                0x0604a5e4                CDC_TgetToc
                0x0604a788                CDC_DataEnd
                0x0604a4a8                CDC_GetPeriStat
                0x0604a71c                CDC_DataReady
                0x0604a6f4                CDC_CdOpen
                0x0604a670                CDC_CdInit
                0x0604a634                CDC_GetSes
                0x0604a490                CDC_GetLastStat
                0x0604a440                CDC_GetCurStat
                0x0604a57c                CDC_GetHwInfo
 .text          0x0604a7e0     0x1adc ../../Compiler/SGL_302j/LIB_COFF/LIBCD.A(GFS.O)
                0x0604a7e0                gfs_version
                0x0604ba50                gfs_mngGetNumFile
                0x0604c1ac                gfs_closeSub
                0x0604b56c                GFS_SetGmode
                0x0604b828                GFS_SetErrFunc
                0x0604b978                gfs_mngSetupFuncTbl
                0x0604ab38                GFS_Reset
                0x0604b8a0                gfs_chgRoot
                0x0604b96c                gfs_aborttrans
                0x0604bc50                gfs_svrAddHndl
                0x0604bb00                gfs_mngFreeGrp
                0x0604b878                GFS_ConvTno
                0x0604be04                gfs_getRootDir
                0x0604b854                GFS_GetErrStat
                0x0604aca8                GFS_Seek
                0x0604b318                GFS_NwStop
                0x0604bb0c                gfs_mngTermAccess
                0x0604abbc                GFS_Open
                0x0604bab8                GFS_mngAllocGrp
                0x0604c1f4                gfs_isTaskDone
                0x0604b018                GFS_Fread
                0x0604b770                GFS_StartTrans
                0x0604c16c                gfs_GetFinfo
                0x0604b9ac                gfs_mngInitWork
                0x0604ae00                GFS_ByteToSct
                0x0604bc10                gfs_svrSearchHndl
                0x0604bf00                gfs_loadRootDir
                0x0604aa5c                GFS_IdToName
                0x0604b15c                GFS_NwFread
                0x0604b6a0                GFS_SetTransPara
                0x0604b268                GFS_NwCdRead
                0x0604bd40                gfs_loadVol
                0x0604b63c                GFS_SetReadPara
                0x0604ad5c                GFS_Tell
                0x0604b5d0                GFS_SetTmode
                0x0604c0d4                GFS_GetFad
                0x0604b70c                GFS_SetTrFunc
                0x0604b7bc                GFS_CdMovePickup
                0x0604a9f8                GFS_NameToId
                0x0604b430                GFS_NwExecOne
                0x0604bf88                gfs_flowIn
                0x0604aeb8                GFS_GetFileInfo
                0x0604c030                gfs_transData
                0x0604bc8c                gfs_svrRemoveHndl
                0x0604b2e0                GFS_NwIsComplete
                0x0604c1e8                gfs_getGmode
                0x0604b384                GFS_NwGetStat
                0x0604bce8                GFS_OpenSub
                0x0604a990                GFS_SetDir
                0x0604ae5c                GFS_GetFileSize
                0x0604af2c                GFS_GetNumCdbuf
                0x0604c248                gfs_convFinStat
                0x0604af54                GFS_Load
                0x0604b0b4                gfs_waitRead
                0x0604a8e8                GFS_LoadDir
                0x0604aac8                GFS_GetDirInfo
                0x0604ac70                GFS_Close
                0x0604a800                GFS_Init
                0x0604b400                gfs_recovRdErr
                0x0604bb90                gfs_mngSetErrCode
                0x0604b4f0                GFS_NwExecServer
                0x0604adac                GFS_IsEof
                0x0604c12c                gfs_SetSct
 *fill*         0x0604c2bc        0x4 00
 .text          0x0604c2c0      0x2dc ../../Compiler/SGL_302j/LIB_COFF/LIBCD.A(CDC_REG.O)
                0x0604c314                CDREG_ClrHirqReq
                0x0604c2e4                CDC_ClrHirqReq
                0x0604c394                CDREG_TgetData
                0x0604c384                CDC_GetMpegPtr
                0x0604c360                CDC_GetHirqMsk
                0x0604c2c0                CDC_GetDataPtr
                0x0604c2d0                CDC_GetHirqReq
                0x0604c4f0                CDREG_WaitHirq
                0x0604c374                CDC_SetHirqMsk
                0x0604c3f0                CDREG_CmdRsp
                0x0604c324                CDREG_InitHirqReq
                0x0604c34c                CDREG_SetHirqFlag
                0x0604c560                CDREG_ReadRsp
 *fill*         0x0604c59c        0x4 00
 .text          0x0604c5a0      0x194 ../../Compiler/SGL_302j/LIB_COFF/LIBCD.A(CDC_CFS.O)
                0x0604c5a0                CDC_ChgDir
                0x0604c5d4                CDC_ReadDir
                0x0604c6f8                CDC_AbortFile
                0x0604c608                CDC_GetFileScope
                0x0604c668                CDC_TgetFileInfo
                0x0604c6c4                CDC_ReadFile
 *fill*         0x0604c734        0xc 00
 .text          0x0604c740      0x152 ../../Compiler/SGL_302j/LIB_COFF/LIBCD.A(CDC_SUB.O)
                0x0604c7e8                CDSUB_GetCdstat
                0x0604c758                CDSUB_UpdCdstat
                0x0604c828                CDSUB_RspToCdstat
                0x0604c870                CDSUB_SoftTimer
                0x0604c740                CDSUB_UpdStatus
                0x0604c778                CDSUB_CdCmd
 *fill*         0x0604c892        0xe 00
 .text          0x0604c8a0      0x8d8 ../../Compiler/SGL_302j/LIB_COFF/LIBCD.A(GFS_CDF.O)
                0x0604cd94                GFCF_Seek
                0x0604ce9c                GFCF_GetStat
                0x0604cd7c                GFCF_Tell
                0x0604c940                GFCF_Setup
                0x0604ce48                GFCF_cnvIntlvOfs
                0x0604c8a0                GFCF_Init
                0x0604cd34                GFCF_Recover
                0x0604ca88                GFCF_SetSct
                0x0604cdac                GFCF_MovePickup
                0x0604cf70                gfcf_isCdOk
                0x0604cb40                GFCF_FlowInBuf
                0x0604cacc                GFCF_GetFileInfo
                0x0604cc94                GFCF_StopInBuf
                0x0604cf34                gfcf_getSctSize
                0x0604d030                gfcf_getPlayRange
 *fill*         0x0604d178        0x8 00
 .text          0x0604d180      0x92c ../../Compiler/SGL_302j/LIB_COFF/LIBCD.A(GFS_DIR.O)
                0x0604d670                gfdr_setNextRec
                0x0604da70                gfdr_setDirrecCd
                0x0604d468                gfdr_open
                0x0604d27c                GFDR_GetAtrDirId
                0x0604d550                gfdr_readByte
                0x0604d180                GFDR_SetupDirTbl
                0x0604d648                gfdr_readLongNM
                0x0604d6f4                gfdr_readDirEnt
                0x0604d2ac                GFDR_ChgRoot
                0x0604d1f4                GFDR_NameToId
                0x0604d338                gfdr_setupDirIdTbl
                0x0604d294                GFDR_GetAtrDirName
                0x0604d254                GFDR_GetInfoDirId
                0x0604d5fc                gfdr_readLongNB
                0x0604d490                gfdr_read
                0x0604d57c                gfdr_readWord
                0x0604d3bc                gfdr_setupDirNameTbl
                0x0604d268                GFDR_GetInfoDirName
                0x0604d2c4                GFDR_ChgDir
                0x0604d5a8                gfdr_readWordNB
 *fill*         0x0604daac        0x4 00
 .text          0x0604dab0      0x9c6 ../../Compiler/SGL_302j/LIB_COFF/LIBCD.A(GFS_TRN.O)
                0x0604db90                GFTR_SetTransMax
                0x0604df60                gftr_execScu
                0x0604e464                GFTR_SetTransFunc
                0x0604e32c                gftr_remTrn
                0x0604e450                GFTR_SetData
                0x0604e150                gftr_execSdma1
                0x0604e3a0                gftr_copyFrac
                0x0604db84                GFTR_GetNumTrans
                0x0604db24                GFTR_SetMode
                0x0604e120                gftr_remDma0
                0x0604e3c8                GFTR_GetLenData
                0x0604df54                gftr_reqScu
                0x0604e138                gftr_reqDma1
                0x0604de70                gftr_getSrcPack
                0x0604e420                GFTR_RtnDstPk
                0x0604e03c                gfdma_exec
                0x0604e254                gftr_execTrn
                0x0604dd68                GFTR_ExecSvr
                0x0604e1e4                gftr_reqTrn
                0x0604e0ac                gfdma_getBytecnt
                0x0604e18c                gftr_reqCpu
                0x0604e3ec                GFTR_GetDstPack
                0x0604e0e4                gftr_reqDma0
                0x0604dcf0                GFTR_Idle
                0x0604dba8                GFTR_Pause
                0x0604db78                GFTR_GetTransPara
                0x0604e1d8                gftr_remCpu
                0x0604db44                GFTR_SetTransPara
                0x0604e174                gftr_remDma1
                0x0604dbb4                GFTR_Stop
                0x0604e0fc                gftr_execSdma0
                0x0604dae0                GFTR_Setup
                0x0604dffc                gftr_remScu
                0x0604def8                gftr_getDstPack
                0x0604e030                gfdma_canUse
                0x0604dc6c                GFTR_Exec
                0x0604e43c                GFTR_GetData
                0x0604db9c                GFTR_Start
                0x0604db38                GFTR_SetUnit
                0x0604e198                gftr_execCpu
                0x0604e3d4                GFTR_GetLenRoom
 *fill*         0x0604e476        0xa 00
 .text          0x0604e480      0x106 ../../Compiler/SGL_302j/LIB_COFF/LIBCD.A(GFS_BUF.O)
                0x0604e4d8                GFBF_GetNumData
                0x0604e554                GFBF_RtnPk
                0x0604e508                GFBF_GetSrcPk
                0x0604e57c                gfbf_getSctDt
                0x0604e4b0                GFBF_GetTranData
                0x0604e530                GFBF_GetSctData
 *fill*         0x0604e586        0xa 00
 .text          0x0604e590      0x600 ../../Compiler/SGL_302j/LIB_COFF/LIBCD.A(GFS_CDB.O)
                0x0604eb38                GFCB_GetPickup
                0x0604e6b0                GFCB_Close
                0x0604e97c                GFCB_GetSrcPack
                0x0604eb04                GFCB_SetCon
                0x0604e784                GFCB_GetLenRoom
                0x0604eae8                GFCB_MovePickup
                0x0604ea5c                GFCB_GetSctData
                0x0604e790                GFCB_SetFilt
                0x0604e6d8                GFCB_GetLenData
                0x0604eb78                GFCB_UngetPickup
                0x0604e590                GFCB_Setup
                0x0604e820                GFCB_Tell
                0x0604eb60                GFCB_IsPuOwner
                0x0604e880                GFCB_Seek
                0x0604e7f8                GFCB_DeleteAllData
                0x0604ea94                GFCB_GetDstPack
                0x0604e830                gfcb_getSctNum
                0x0604eaa0                GFCB_RtnPk
 .text          0x0604eb90     0x1a10 ../../Compiler/SGL_302j/LIB_COFF/LIBCD.A(GFS_CDC.O)
                0x0604ee2c                GFCD_AllocBuf
                0x0604fc14                gfcd_doGetLenDataTsk
                0x060504b0                GFCD_SetCsctFunc
                0x0604ef04                GFCD_GetBaseFad
                0x0604f080                GFCD_GetFilt
                0x060500a0                gfcd_doChgDirTsk
                0x060503e0                gfcd_checkEflag
                0x0604f3c8                GFCD_MovePickup
                0x0604f4ac                GFCD_GetSctInfo
                0x0604fd68                gfcd_doReqDataTsk
                0x0604f4f4                GFCD_ChgDir
                0x0604f1e8                GFCD_ReqData
                0x060504cc                GFCD_ChkScdqFlag
                0x0604f984                GFCD_WaitServer
                0x0604f28c                GFCD_DelSctData
                0x0604f764                GFCD_ExecServer
                0x0604fb84                gfcd_doSetConTsk
                0x0604edc0                GFCD_AllocFilt
                0x0604efbc                GFCD_SetFilt
                0x0604f9c0                gfcd_doSetFiltTsk
                0x060504f0                GFCD_ClrScdqFlag
                0x0604fe08                gfcd_doDelSctDataTsk
                0x0604f8c4                gfcd_doTask
                0x0604ef38                GFCD_GetPickup
                0x0604f488                GFCD_CheckMove
                0x0605050c                GFCD_WaitScdqFlag
                0x0604f120                GFCD_Play
                0x0604ff3c                gfcd_doMoveSctTsk
                0x0604f0c8                GFCD_SetCon
                0x0604f568                GFCD_SetFiltCon
                0x06050550                GFCD_WaitPause
                0x0604f72c                GFCD_GetBufSiz
                0x0604ef6c                GFCD_UngetPickup
                0x0604f650                GFCD_GetFileInfo
                0x0604f244                GFCD_EndData
                0x0604ee60                GFCD_FreeBuf
                0x0604f180                GFCD_GetLenData
                0x0604edfc                GFCD_FreeFilt
                0x0604f838                gfcd_isIdleTask
                0x0604ebbc                GFCD_Init
                0x0605029c                gfcd_doSetFiltConTsk
                0x0604f314                GFCD_GetStat
                0x0604f414                GFCD_MoveSctData
                0x0604ef98                GFCD_IsPuOwner
                0x06050404                gfcd_initCdbMng
                0x0604eb90                GFCD_SetCdbfs
                0x0604f970                GFCD_SetTimer
                0x06050484                gfcd_setStat
                0x0604f2e4                GFCD_CheckDelSctData
 .text          0x060505a0      0x1e4 ../../Compiler/SGL_302j/LIB_COFF/LIBCD.A(CDC_BIO.O)
                0x0605064c                CDC_GetdelSctData
                0x060505d4                CDC_GetSctData
                0x06050688                CDC_PutSctData
                0x06050704                CDC_MoveSctData
                0x06050748                CDC_GetCopyErr
                0x06050610                CDC_DelSctData
                0x060505a0                CDC_SetSctLen
                0x060506c0                CDC_CopySctData
 *fill*         0x06050784        0xc 00
 .text          0x06050790      0x2b8 ../../Compiler/SGL_302j/LIB_COFF/LIBCD.A(CDC_SEL.O)
                0x060509c0                CDC_GetFiltCon
                0x0605093c                CDC_GetFiltMode
                0x06050a14                CDC_ResetSelector
                0x06050790                CDC_SetFiltRange
                0x0605081c                CDC_SetFiltSubh
                0x0605088c                CDC_GetFiltSubh
                0x060507c4                CDC_GetFiltRange
                0x06050908                CDC_SetFiltMode
                0x06050980                CDC_SetFiltCon
 *fill*         0x06050a48        0x8 00
 .text          0x06050a50      0x270 ../../Compiler/SGL_302j/LIB_COFF/LIBCD.A(CDC_BIF.O)
                0x06050aac                CDC_GetSctNum
                0x06050c2c                CDC_ExeFadSearch
                0x06050bac                CDC_GetSctInfo
                0x06050af0                CDC_CalActSiz
                0x06050a50                CDC_GetBufSiz
                0x06050b2c                CDC_GetActSiz
                0x06050c64                CDC_GetFadSearch
 .text          0x06050cc0       0xa8 ../../Compiler/SGL_302j/LIB_COFF/LIBCD.A(CDC_DEV.O)
                0x06050d2c                CDC_CdGetLastBuf
                0x06050cc0                CDC_CdSetCon
                0x06050cf0                CDC_CdGetCon
 *fill*         0x06050d68        0x8 00
 .text          0x06050d70      0x128 ../../Compiler/SGL_302j/LIB_COFF/LIBSGL.A(sglIc0.o)
                0x06050d70                slInitSystem
 *fill*         0x06050e98        0x8 00
 .text          0x06050ea0       0x90 m:/joengine-master/compiler/sh_coff/sh-coff/bin/../lib/gcc/sh-coff/4.0-GNUSH_v0601\libgcc.a(_si_to_sf.o)
                0x06050ea0                __floatsisf
 .text          0x06050f30      0x170 m:/joengine-master/compiler/sh_coff/sh-coff/bin/../lib/gcc/sh-coff/4.0-GNUSH_v0601\libgcc.a(_mul_sf.o)
                0x06050f30                __mulsf3
 .text          0x060510a0       0xa0 m:/joengine-master/compiler/sh_coff/sh-coff/bin/../lib/gcc/sh-coff/4.0-GNUSH_v0601\libgcc.a(_sf_to_si.o)
                0x060510a0                __fixsfsi
 .text          0x06051140       0x70 m:/joengine-master/compiler/sh_coff/sh-coff/bin/../lib/gcc/sh-coff/4.0-GNUSH_v0601\libgcc.a(_udivsi3.o)
                0x06051162                __udivsi3
 .text          0x060511b0       0x60 m:/joengine-master/compiler/sh_coff/sh-coff/bin/../lib/gcc/sh-coff/4.0-GNUSH_v0601\libgcc.a(_ashiftrt.o)
                0x060511bc                __ashiftrt_r4_27
                0x060511f0                __ashiftrt_r4_6
                0x060511e0                __ashiftrt_r4_14
                0x060511d2                __ashiftrt_r4_19
                0x060511ea                __ashiftrt_r4_9
                0x060511fe                __ashiftrt_r4_0
                0x060511b0                __ashiftrt_r4_31
                0x060511be                __ashiftrt_r4_26
                0x060511cc                __ashiftrt_r4_22
                0x060511d8                __ashiftrt_r4_16
                0x060511e4                __ashiftrt_r4_12
                0x060511b8                __ashiftrt_r4_29
                0x060511d6                __ashiftrt_r4_17
                0x060511b6                __ashiftrt_r4_30
                0x060511f2                __ashiftrt_r4_5
                0x060511ec                __ashiftrt_r4_8
                0x060511b0                __ashiftrt_r4_32
                0x060511c0                __ashiftrt_r4_25
                0x060511f8                __ashiftrt_r4_2
                0x060511c2                __ashiftrt_r4_24
                0x060511de                __ashiftrt_r4_15
                0x060511e8                __ashiftrt_r4_10
                0x060511fa                __ashiftrt_r4_1
                0x060511ba                __ashiftrt_r4_28
                0x060511d0                __ashiftrt_r4_20
                0x060511ee                __ashiftrt_r4_7
                0x060511e2                __ashiftrt_r4_13
                0x060511e6                __ashiftrt_r4_11
                0x060511f4                __ashiftrt_r4_4
                0x060511ca                __ashiftrt_r4_23
                0x060511d4                __ashiftrt_r4_18
                0x060511ce                __ashiftrt_r4_21
                0x060511f6                __ashiftrt_r4_3
 .text          0x06051210       0xa0 m:/joengine-master/compiler/sh_coff/sh-coff/bin/../lib/gcc/sh-coff/4.0-GNUSH_v0601\libgcc.a(__main.o)
                0x06051284                __main
                0x06051210                __do_global_dtors
                0x06051244                __do_global_ctors
 .text          0x060512b0       0xa0 m:/joengine-master/compiler/sh_coff/sh-coff/bin/../lib/gcc/sh-coff/4.0-GNUSH_v0601\libgcc.a(_sdivsi3.o)
                0x060512b0                __sdivsi3
 .text          0x06051350       0x70 m:/joengine-master/compiler/sh_coff/sh-coff/bin/../lib/gcc/sh-coff/4.0-GNUSH_v0601\libgcc.a(_le_sf.o)
                0x06051350                __lesf2
 .text          0x060513c0       0x70 m:/joengine-master/compiler/sh_coff/sh-coff/bin/../lib/gcc/sh-coff/4.0-GNUSH_v0601\libgcc.a(_ge_sf.o)
                0x060513c0                __gesf2
 .text          0x06051430       0x70 m:/joengine-master/compiler/sh_coff/sh-coff/bin/../lib/gcc/sh-coff/4.0-GNUSH_v0601\libgcc.a(_gt_sf.o)
                0x06051430                __gtsf2
 .text          0x060514a0      0x120 m:/joengine-master/compiler/sh_coff/sh-coff/bin/../lib/gcc/sh-coff/4.0-GNUSH_v0601\libgcc.a(_div_sf.o)
                0x060514a0                __divsf3
 .text          0x060515c0       0x70 m:/joengine-master/compiler/sh_coff/sh-coff/bin/../lib/gcc/sh-coff/4.0-GNUSH_v0601\libgcc.a(_lt_sf.o)
                0x060515c0                __ltsf2
 .text          0x06051630      0x250 m:/joengine-master/compiler/sh_coff/sh-coff/bin/../lib/gcc/sh-coff/4.0-GNUSH_v0601\libgcc.a(_addsub_sf.o)
                0x060517c4                __subsf3
                0x06051824                __addsf3
 .text          0x06051880      0x100 m:/joengine-master/compiler/sh_coff/sh-coff/bin/../lib/gcc/sh-coff/4.0-GNUSH_v0601\libgcc.a(_sf_to_df.o)
                0x06051880                __extendsfdf2
 .text          0x06051980       0x70 m:/joengine-master/compiler/sh_coff/sh-coff/bin/../lib/gcc/sh-coff/4.0-GNUSH_v0601\libgcc.a(_df_to_sf.o)
                0x06051980                __truncdfsf2
 .text          0x060519f0      0x350 m:/joengine-master/compiler/sh_coff/sh-coff/bin/../lib/gcc/sh-coff/4.0-GNUSH_v0601\libgcc.a(_addsub_df.o)
                0x06051c7c                __subdf3
                0x06051ce0                __adddf3
 .text          0x06051d40       0x90 m:/joengine-master/compiler/sh_coff/sh-coff/bin/../lib/gcc/sh-coff/4.0-GNUSH_v0601\libgcc.a(_lshiftrt.o)
                0x06051d40                __lshrsi3
 .text          0x06051dd0       0xb0 m:/joengine-master/compiler/sh_coff/sh-coff/bin/../lib/gcc/sh-coff/4.0-GNUSH_v0601\libgcc.a(_si_to_df.o)
                0x06051dd0                __floatsidf
 .text          0x06051e80      0x3b0 m:/joengine-master/compiler/sh_coff/sh-coff/bin/../lib/gcc/sh-coff/4.0-GNUSH_v0601\libgcc.a(_mul_df.o)
                0x06051e90                __muldf3
 .text          0x06052230      0x1b0 m:/joengine-master/compiler/sh_coff/sh-coff/bin/../lib/gcc/sh-coff/4.0-GNUSH_v0601\libgcc.a(_div_df.o)
                0x06052238                __divdf3
 .text          0x060523e0      0x100 m:/joengine-master/compiler/sh_coff/sh-coff/bin/../lib/gcc/sh-coff/4.0-GNUSH_v0601\libgcc.a(_df_to_si.o)
                0x060523e0                __fixdfsi
 .text          0x060524e0       0x90 m:/joengine-master/compiler/sh_coff/sh-coff/bin/../lib/gcc/sh-coff/4.0-GNUSH_v0601\libgcc.a(_ashiftrt_n.o)
                0x060524e0                __ashrsi3
 .text          0x06052570       0x90 m:/joengine-master/compiler/sh_coff/sh-coff/bin/../lib/gcc/sh-coff/4.0-GNUSH_v0601\libgcc.a(_ashiftlt.o)
                0x06052570                __ashlsi3
 .text          0x06052600      0x1c0 m:/joengine-master/compiler/sh_coff/sh-coff/bin/../lib/gcc/sh-coff/4.0-GNUSH_v0601\libgcc.a(_pack_sf.o)
                0x06052600                __pack_f
 .text          0x060527c0       0xc0 m:/joengine-master/compiler/sh_coff/sh-coff/bin/../lib/gcc/sh-coff/4.0-GNUSH_v0601\libgcc.a(_unpack_sf.o)
                0x060527c0                __unpack_f
 .text          0x06052880       0xd0 m:/joengine-master/compiler/sh_coff/sh-coff/bin/../lib/gcc/sh-coff/4.0-GNUSH_v0601\libgcc.a(_muldi3.o)
                0x06052880                __muldi3
 .text          0x06052950       0x10 m:/joengine-master/compiler/sh_coff/sh-coff/bin/../lib/gcc/sh-coff/4.0-GNUSH_v0601\libgcc.a(_thenan_sf.o)
                0x06052950                __thenan_sf
 .text          0x06052960       0xa0 m:/joengine-master/compiler/sh_coff/sh-coff/bin/../lib/gcc/sh-coff/4.0-GNUSH_v0601\libgcc.a(_fpcmp_parts_sf.o)
                0x06052960                __fpcmp_parts_f
 .text          0x06052a00       0x30 m:/joengine-master/compiler/sh_coff/sh-coff/bin/../lib/gcc/sh-coff/4.0-GNUSH_v0601\libgcc.a(_make_df.o)
                0x06052a00                __make_dp
 .text          0x06052a30      0x180 m:/joengine-master/compiler/sh_coff/sh-coff/bin/../lib/gcc/sh-coff/4.0-GNUSH_v0601\libgcc.a(_unpack_df.o)
                0x06052a40                __unpack_d
 .text          0x06052bb0       0x30 m:/joengine-master/compiler/sh_coff/sh-coff/bin/../lib/gcc/sh-coff/4.0-GNUSH_v0601\libgcc.a(_make_sf.o)
                0x06052bb0                __make_fp
 .text          0x06052be0       0x20 m:/joengine-master/compiler/sh_coff/sh-coff/bin/../lib/gcc/sh-coff/4.0-GNUSH_v0601\libgcc.a(_thenan_df.o)
                0x06052be0                __thenan_df
 .text          0x06052c00      0x5f0 m:/joengine-master/compiler/sh_coff/sh-coff/bin/../lib/gcc/sh-coff/4.0-GNUSH_v0601\libgcc.a(_pack_df.o)
                0x06052c10                __pack_d
 .text          0x060531f0       0x30 m:/joengine-master/compiler/sh_coff/sh-coff/bin/../lib/gcc/sh-coff/4.0-GNUSH_v0601\libgcc.a(_mulsi3.o)
                0x060531f0                __mulsi3
 .text          0x06053220       0xa0 m:/joengine-master/compiler/sh_coff/sh-coff/bin/../lib/gcc/sh-coff/4.0-GNUSH_v0601/../../../../sh-coff/lib\libc.a(memcpy.o)
                0x06053220                memcpy
 .text          0x060532c0       0xb0 m:/joengine-master/compiler/sh_coff/sh-coff/bin/../lib/gcc/sh-coff/4.0-GNUSH_v0601/../../../../sh-coff/lib\libc.a(sprintf.o)
                0x06053310                sprintf
                0x060532c0                _sprintf_r
 .text          0x06053370       0x80 m:/joengine-master/compiler/sh_coff/sh-coff/bin/../lib/gcc/sh-coff/4.0-GNUSH_v0601/../../../../sh-coff/lib\libc.a(memcmp.o)
                0x06053370                memcmp
 .text          0x060533f0      0x100 m:/joengine-master/compiler/sh_coff/sh-coff/bin/../lib/gcc/sh-coff/4.0-GNUSH_v0601/../../../../sh-coff/lib\libc.a(strncmp.o)
                0x060533f0                strncmp
 .text          0x060534f0       0xd0 m:/joengine-master/compiler/sh_coff/sh-coff/bin/../lib/gcc/sh-coff/4.0-GNUSH_v0601/../../../../sh-coff/lib\libc.a(strncpy.o)
                0x060534f0                strncpy
 .text          0x060535c0       0x40 m:/joengine-master/compiler/sh_coff/sh-coff/bin/../lib/gcc/sh-coff/4.0-GNUSH_v0601/../../../../sh-coff/lib\libc.a(memset.o)
                0x060535c0                memset
 .text          0x06053600       0x90 m:/joengine-master/compiler/sh_coff/sh-coff/bin/../lib/gcc/sh-coff/4.0-GNUSH_v0601/../../../../sh-coff/lib\libc.a(atexit.o)
                0x06053600                atexit
 .text          0x06053690     0x1d20 m:/joengine-master/compiler/sh_coff/sh-coff/bin/../lib/gcc/sh-coff/4.0-GNUSH_v0601/../../../../sh-coff/lib\libc.a(vfprintf.o)
                0x06053748                _vfprintf_r
                0x06055388                vfprintf
 .text          0x060553b0       0x10 m:/joengine-master/compiler/sh_coff/sh-coff/bin/../lib/gcc/sh-coff/4.0-GNUSH_v0601/../../../../sh-coff/lib\libc.a(impure.o)
                0x060553b0                _global_impure_ptr
 .text          0x060553c0       0x40 m:/joengine-master/compiler/sh_coff/sh-coff/bin/../lib/gcc/sh-coff/4.0-GNUSH_v0601/../../../../sh-coff/lib\libc.a(malloc.o)
                0x060553dc                free
                0x060553c0                malloc
 .text          0x06055400      0x300 m:/joengine-master/compiler/sh_coff/sh-coff/bin/../lib/gcc/sh-coff/4.0-GNUSH_v0601/../../../../sh-coff/lib\libc.a(fvwrite.o)
                0x06055400                __sfvwrite
 .text          0x06055700      0x100 m:/joengine-master/compiler/sh_coff/sh-coff/bin/../lib/gcc/sh-coff/4.0-GNUSH_v0601/../../../../sh-coff/lib\libc.a(locale.o)
                0x060557c8                setlocale
                0x06055748                _setlocale_r
                0x060557a4                __locale_charset
                0x060557e8                localeconv
                0x060557b8                _localeconv_r
 .text          0x06055800      0x360 m:/joengine-master/compiler/sh_coff/sh-coff/bin/../lib/gcc/sh-coff/4.0-GNUSH_v0601/../../../../sh-coff/lib\libc.a(freer.o)
                0x06055800                _malloc_trim_r
                0x060558e8                _free_r
 .text          0x06055b60       0x20 m:/joengine-master/compiler/sh_coff/sh-coff/bin/../lib/gcc/sh-coff/4.0-GNUSH_v0601/../../../../sh-coff/lib\libc.a(strlen.o)
                0x06055b60                strlen
 .text          0x06055b80      0x270 m:/joengine-master/compiler/sh_coff/sh-coff/bin/../lib/gcc/sh-coff/4.0-GNUSH_v0601/../../../../sh-coff/lib\libc.a(findfp.o)
                0x06055c94                __sfp
                0x06055c1c                __sfp_lock_acquire
                0x06055dc4                __fp_unlock_all
                0x06055c88                __sfp_lock_release
                0x06055c28                __sinit
                0x06055d74                _cleanup
                0x06055da4                __fp_lock_all
                0x06055d5c                _cleanup_r
                0x06055bc4                __sfmoreglue
 .text          0x06055df0       0xd0 m:/joengine-master/compiler/sh_coff/sh-coff/bin/../lib/gcc/sh-coff/4.0-GNUSH_v0601/../../../../sh-coff/lib\libc.a(fflush.o)
                0x06055df0                fflush
 .text          0x06055ec0       0xf0 m:/joengine-master/compiler/sh_coff/sh-coff/bin/../lib/gcc/sh-coff/4.0-GNUSH_v0601/../../../../sh-coff/lib\libc.a(wsetup.o)
                0x06055ec0                __swsetup
 .text          0x06055fb0       0x70 m:/joengine-master/compiler/sh_coff/sh-coff/bin/../lib/gcc/sh-coff/4.0-GNUSH_v0601/../../../../sh-coff/lib\libc.a(wcrtomb.o)
                0x06055fb0                _wcrtomb_r
                0x06055ffc                wcrtomb
 .text          0x06056020       0x40 m:/joengine-master/compiler/sh_coff/sh-coff/bin/../lib/gcc/sh-coff/4.0-GNUSH_v0601/../../../../sh-coff/lib\libc.a(s_isinf.o)
                0x06056020                isinf
 .text          0x06056060       0xd0 m:/joengine-master/compiler/sh_coff/sh-coff/bin/../lib/gcc/sh-coff/4.0-GNUSH_v0601/../../../../sh-coff/lib\libc.a(memchr.o)
                0x06056060                memchr
 .text          0x06056130      0x6a0 m:/joengine-master/compiler/sh_coff/sh-coff/bin/../lib/gcc/sh-coff/4.0-GNUSH_v0601/../../../../sh-coff/lib\libc.a(mallocr.o)
                0x06056130                _malloc_r
 .text          0x060567d0      0x130 m:/joengine-master/compiler/sh_coff/sh-coff/bin/../lib/gcc/sh-coff/4.0-GNUSH_v0601/../../../../sh-coff/lib\libc.a(wcsrtombs.o)
                0x060567d0                _wcsrtombs_r
                0x060568c4                wcsrtombs
 .text          0x06056900       0x40 m:/joengine-master/compiler/sh_coff/sh-coff/bin/../lib/gcc/sh-coff/4.0-GNUSH_v0601/../../../../sh-coff/lib\libc.a(s_isnan.o)
                0x06056900                isnan
 .text          0x06056940     0x1310 m:/joengine-master/compiler/sh_coff/sh-coff/bin/../lib/gcc/sh-coff/4.0-GNUSH_v0601/../../../../sh-coff/lib\libc.a(dtoa.o)
                0x06056ae4                _dtoa_r
 .text          0x06057c50       0xe0 m:/joengine-master/compiler/sh_coff/sh-coff/bin/../lib/gcc/sh-coff/4.0-GNUSH_v0601/../../../../sh-coff/lib\libc.a(memmove.o)
                0x06057c50                memmove
 .text          0x06057d30      0x450 m:/joengine-master/compiler/sh_coff/sh-coff/bin/../lib/gcc/sh-coff/4.0-GNUSH_v0601/../../../../sh-coff/lib\libc.a(reallocr.o)
                0x06057d30                _realloc_r
 .text          0x06058180       0x30 m:/joengine-master/compiler/sh_coff/sh-coff/bin/../lib/gcc/sh-coff/4.0-GNUSH_v0601/../../../../sh-coff/lib\libc.a(strcmp.o)
                0x06058180                strcmp
 .text          0x060581b0       0x20 m:/joengine-master/compiler/sh_coff/sh-coff/bin/../lib/gcc/sh-coff/4.0-GNUSH_v0601/../../../../sh-coff/lib\libc.a(mlock.o)
                0x060581b0                __malloc_lock
                0x060581bc                __malloc_unlock
 .text          0x060581d0       0x50 m:/joengine-master/compiler/sh_coff/sh-coff/bin/../lib/gcc/sh-coff/4.0-GNUSH_v0601/../../../../sh-coff/lib\libc.a(sbrkr.o)
                0x060581d0                _sbrk_r
 .text          0x06058220      0x170 m:/joengine-master/compiler/sh_coff/sh-coff/bin/../lib/gcc/sh-coff/4.0-GNUSH_v0601/../../../../sh-coff/lib\libc.a(stdio.o)
                0x06058278                __swrite
                0x06058368                __sclose
                0x06058220                __sread
                0x06058308                __sseek
 .text          0x06058390      0x130 m:/joengine-master/compiler/sh_coff/sh-coff/bin/../lib/gcc/sh-coff/4.0-GNUSH_v0601/../../../../sh-coff/lib\libc.a(fclose.o)
                0x06058390                _fclose_r
                0x0605849c                fclose
 .text          0x060584c0      0x200 m:/joengine-master/compiler/sh_coff/sh-coff/bin/../lib/gcc/sh-coff/4.0-GNUSH_v0601/../../../../sh-coff/lib\libc.a(fwalk.o)
                0x06058634                _fwalk_reent
                0x060585b0                _fwalk
 .text          0x060586c0      0x150 m:/joengine-master/compiler/sh_coff/sh-coff/bin/../lib/gcc/sh-coff/4.0-GNUSH_v0601/../../../../sh-coff/lib\libc.a(makebuf.o)
                0x060586c0                __smakebuf
 .text          0x06058810      0x2c0 m:/joengine-master/compiler/sh_coff/sh-coff/bin/../lib/gcc/sh-coff/4.0-GNUSH_v0601/../../../../sh-coff/lib\libc.a(wctomb_r.o)
                0x06058830                _wctomb_r
 .text          0x06058ad0      0xdc0 m:/joengine-master/compiler/sh_coff/sh-coff/bin/../lib/gcc/sh-coff/4.0-GNUSH_v0601/../../../../sh-coff/lib\libc.a(mprec.o)
                0x06059310                __mcmp
                0x06059794                _ratio
                0x06058f6c                _i2b
                0x0605950c                _b2d
                0x06058d64                _s2b
                0x06058e3c                _hi0bits
                0x06059140                _pow5mult
                0x06059354                __mdiff
                0x06059218                _lshift
                0x06058f90                _multiply
                0x06059660                _d2b
                0x06058be8                _Balloc
                0x06058ad0                __mprec_tinytens
                0x06059828                _mprec_log10
                0x06058af8                __mprec_bigtens
                0x06059474                _ulp
                0x06058c78                _Bfree
                0x06058b20                __mprec_tens
                0x06058ea4                _lo0bits
                0x06058c98                _multadd
 .text          0x06059890      0x390 m:/joengine-master/compiler/sh_coff/sh-coff/bin/../lib/gcc/sh-coff/4.0-GNUSH_v0601/../../../../sh-coff/lib\libc.a(syscalls.o)
                0x06059a00                _exit
                0x06059a34                _getpid
                0x06059a9c                _utime
                0x060598c8                _write
                0x06059890                _read
                0x060599e8                _unlink
                0x060599b0                _open
                0x06059a4c                _stat
                0x060599f4                isatty
                0x06059acc                _wait
                0x06059a18                _kill
                0x06059a68                _chmod
                0x06059afc                _execv
                0x06059ae0                _execve
                0x06059bdc                __setup_argv_and_call_main
                0x06059b34                _gettimeofday
                0x060598fc                _link
                0x06059a40                _raise
                0x060599cc                _creat
                0x06059b14                _pipe
                0x06059a80                _chown
                0x060598ac                _lseek
                0x060598e4                _close
                0x06059b28                _times
                0x0605999c                _fstat
                0x06059ab8                _fork
                0x06059924                _sbrk
 .text          0x06059c20       0x50 m:/joengine-master/compiler/sh_coff/sh-coff/bin/../lib/gcc/sh-coff/4.0-GNUSH_v0601/../../../../sh-coff/lib\libc.a(readr.o)
                0x06059c20                _read_r
 .text          0x06059c70       0x50 m:/joengine-master/compiler/sh_coff/sh-coff/bin/../lib/gcc/sh-coff/4.0-GNUSH_v0601/../../../../sh-coff/lib\libc.a(writer.o)
                0x06059c70                _write_r
 .text          0x06059cc0       0x50 m:/joengine-master/compiler/sh_coff/sh-coff/bin/../lib/gcc/sh-coff/4.0-GNUSH_v0601/../../../../sh-coff/lib\libc.a(lseekr.o)
                0x06059cc0                _lseek_r
 .text          0x06059d10       0x50 m:/joengine-master/compiler/sh_coff/sh-coff/bin/../lib/gcc/sh-coff/4.0-GNUSH_v0601/../../../../sh-coff/lib\libc.a(closer.o)
                0x06059d10                _close_r
 .text          0x06059d60       0x50 m:/joengine-master/compiler/sh_coff/sh-coff/bin/../lib/gcc/sh-coff/4.0-GNUSH_v0601/../../../../sh-coff/lib\libc.a(fstatr.o)
                0x06059d60                _fstat_r
 .text          0x06059db0       0xa0 m:/joengine-master/compiler/sh_coff/sh-coff/bin/../lib/gcc/sh-coff/4.0-GNUSH_v0601/../../../../sh-coff/lib\libc.a(callocr.o)
                0x06059db0                _calloc_r
 .text          0x06059e50       0x20 m:/joengine-master/compiler/sh_coff/sh-coff/bin/../lib/gcc/sh-coff/4.0-GNUSH_v0601/../../../../sh-coff/lib\libc.a(trap.o)
                0x06059e50                __trap34
 .text          0x06059e70       0x20 m:/joengine-master/compiler/sh_coff/sh-coff/bin/../lib/gcc/sh-coff/4.0-GNUSH_v0601/../../../../sh-coff/lib\libc.a(abort.o)
                0x06059e70                abort
 .text          0x06059e90      0x260 m:/joengine-master/compiler/sh_coff/sh-coff/bin/../lib/gcc/sh-coff/4.0-GNUSH_v0601/../../../../sh-coff/lib\libc.a(signal.o)
                0x06059f4c                _raise_r
                0x0605a0d0                __sigtramp
                0x0605a07c                raise
                0x0605a0b8                _init_signal
                0x0605a008                __sigtramp_r
                0x0605a098                signal
                0x06059edc                _signal_r
                0x06059e90                _init_signal_r
 .text          0x0605a0f0       0x60 m:/joengine-master/compiler/sh_coff/sh-coff/bin/../lib/gcc/sh-coff/4.0-GNUSH_v0601/../../../../sh-coff/lib\libc.a(signalr.o)
                0x0605a138                _getpid_r
                0x0605a0f0                _kill_r
 .text          0x0605a150       0x70 m:/joengine-master/compiler/sh_coff/sh-coff/bin/../lib/gcc/sh-coff/4.0-GNUSH_v0601\libgcc.a(_eq_df.o)
                0x0605a150                __eqdf2
 .text          0x0605a1c0       0x70 m:/joengine-master/compiler/sh_coff/sh-coff/bin/../lib/gcc/sh-coff/4.0-GNUSH_v0601\libgcc.a(_ne_df.o)
                0x0605a1c0                __nedf2
 .text          0x0605a230       0x70 m:/joengine-master/compiler/sh_coff/sh-coff/bin/../lib/gcc/sh-coff/4.0-GNUSH_v0601\libgcc.a(_lt_df.o)
                0x0605a230                __ltdf2
 .text          0x0605a2a0      0x610 m:/joengine-master/compiler/sh_coff/sh-coff/bin/../lib/gcc/sh-coff/4.0-GNUSH_v0601\libgcc.a(_udivdi3.o)
                0x0605a2a0                __udivdi3
 .text          0x0605a8b0      0x600 m:/joengine-master/compiler/sh_coff/sh-coff/bin/../lib/gcc/sh-coff/4.0-GNUSH_v0601\libgcc.a(_umoddi3.o)
                0x0605a8b0                __umoddi3
 .text          0x0605aeb0       0x70 m:/joengine-master/compiler/sh_coff/sh-coff/bin/../lib/gcc/sh-coff/4.0-GNUSH_v0601\libgcc.a(_gt_df.o)
                0x0605aeb0                __gtdf2
 .text          0x0605af20       0x70 m:/joengine-master/compiler/sh_coff/sh-coff/bin/../lib/gcc/sh-coff/4.0-GNUSH_v0601\libgcc.a(_ge_df.o)
                0x0605af20                __gedf2
 .text          0x0605af90       0xb0 m:/joengine-master/compiler/sh_coff/sh-coff/bin/../lib/gcc/sh-coff/4.0-GNUSH_v0601\libgcc.a(_fpcmp_parts_df.o)
                0x0605af90                __fpcmp_parts_d
 .text          0x0605b040      0x100 m:/joengine-master/compiler/sh_coff/sh-coff/bin/../lib/gcc/sh-coff/4.0-GNUSH_v0601\libgcc.a(_clz.o)
                0x0605b040                __clz_tab
 *(.strings)
                0x0605b140                __etext = .

.rodata
 *(.rodata)

SLPROG          0x0605b140    0x10880
                0x0605b140                __slprog_start = .
 *(SLPROG)
 SLPROG         0x0605b140     0x6540 ../../Compiler/SGL_302j/LIB_COFF/SGLAREA.O
                0x0605b15c                SpriteBuf
                0x0605b180                RemainEvent
                0x0605b14c                SortList
                0x0605b14a                MaxPolygons
                0x0605b168                CommandBuf
                0x0605b17c                MaxWorks
                0x0605b17e                WorkSize
                0x0605b174                PCM_WkSize
                0x0605b16c                CLOfstBuf
                0x0605b280                RemainWork
                0x0605b170                PCM_Work
                0x0605b140                MasterStack
                0x0605b144                SlaveStack
                0x0605b148                MaxVertices
                0x0605b178                MaxEvents
                0x0605b158                Zbuffer
                0x0605b160                SpriteBufSize
                0x0605d680                WorkBuf
                0x0605b154                TransList
                0x0605b164                Pbuffer
                0x0605b150                SortListSize
                0x0605b17a                EventSize
                0x0605b680                EventBuf
 SLPROG         0x06061680      0xfc8 ../../Compiler/SGL_302j/LIB_COFF/LIBSGL.A(sglH00.o)
                0x0606171c                slSetPortData1
                0x0606170c                slGetPortData1
                0x06061efa                slSetPortMode1
                0x06062134                Smpc_Status
                0x060616d2                slSetPortDir2
                0x06061d18                slSmpcCashSend
                0x06061738                slGetPortSelect1
                0x06061b1e                slIntBackCancel
                0x060617d0                slSetPortExt1
                0x06061ee0                slGetPortMode1
                0x06061dd4                slSmpcCashBlow
                0x060620c4                slRequestCommand
                0x06062164                SmpcStatusBuf
                0x06061726                slSetPortData2
                0x06061a86                slSetResultBuffer
                0x060617bc                slGetPortExt1
                0x06061800                slSetPortExt2
                0x060616a0                slGetPortDir2
                0x060617c6                slGetPortExt2
                0x06061b52                slClearReset
                0x06061b48                slCheckReset
                0x060616a8                slSetPortDir1
                0x06061780                slSetPortSelect2
                0x0606174c                slSetPortSelect1
                0x06061eec                slGetPortMode2
                0x06061742                slGetPortSelect2
                0x06061698                slGetPortDir1
                0x06061714                slGetPortData2
                0x06061eba                slSetOptimize
                0x06061eb0                slGetOptimize
                0x06061974                slSmpcDirectAccess
                0x06062142                Per_Connect1
                0x060619f4                slInitPeripheral
                0x06061b12                slCheckIntBackSet
                0x06062143                Per_Connect2
                0x0606213c                Smpc_Peripheral
                0x06061f38                slSetPortMode2
                0x06062138                Smpc_Result
 *fill*         0x06062648        0x8 00
 SLPROG         0x06062650       0x18 ../../Compiler/SGL_302j/LIB_COFF/LIBSGL.A(sglG01.o)
                0x06062650                slSndVolume
 *fill*         0x06062668        0x8 00
 SLPROG         0x06062670      0x1d0 ../../Compiler/SGL_302j/LIB_COFF/LIBSGL.A(sglG00.o)
                0x06062670                slInitSound
                0x0606278c                slSndFlush
                0x06062774                slWaitSound
 SLPROG         0x06062840       0x4c ../../Compiler/SGL_302j/LIB_COFF/LIBSGL.A(sglG19.o)
                0x06062840                slCDDAOn
 *fill*         0x0606288c        0x4 00
 SLPROG         0x06062890       0x18 ../../Compiler/SGL_302j/LIB_COFF/LIBSGL.A(sglG25.o)
                0x06062890                slPCMStat
 *fill*         0x060628a8        0x8 00
 SLPROG         0x060628b0      0x1e0 ../../Compiler/SGL_302j/LIB_COFF/LIBSGL.A(sglG21.o)
                0x060628b8                slPCMOn
                0x060629d6                slSndPCMNum
 SLPROG         0x06062a90       0x48 ../../Compiler/SGL_302j/LIB_COFF/LIBSGL.A(sglG22.o)
                0x06062a90                slPCMOff
 *fill*         0x06062ad8        0x8 00
 SLPROG         0x06062ae0       0x84 ../../Compiler/SGL_302j/LIB_COFF/LIBSGL.A(sglD00.o)
                0x06062ae0                slDMACopy
                0x06062ae0                slCpuDMACopy
                0x06062b3a                slCashPurge
                0x06062b3a                CSH_AllClr
 *fill*         0x06062b64        0xc 00
 SLPROG         0x06062b70       0x18 ../../Compiler/SGL_302j/LIB_COFF/LIBSGL.A(sglA15.o)
                0x06062b70                slSlaveFunc
 *fill*         0x06062b88        0x8 00
 SLPROG         0x06062b90      0x3a4 ../../Compiler/SGL_302j/LIB_COFF/LIBSGL.A(sglI01.o)
                0x06062d7a                RetPCMBuf
                0x06062eb4                Sound_Buf
                0x06062b90                slInitSynch
                0x06062ca0                slRandom
                0x06062e14                PCM_Buf
                0x06062baa                slSynch
                0x06062cbe                PCM_EndCheck
 *fill*         0x06062f34        0xc 00
 SLPROG         0x06062f40       0x4e ../../Compiler/SGL_302j/LIB_COFF/LIBSGL.A(sglF00.o)
                0x06062f5a                slLocate
                0x06062f50                slCurColor
                0x06062f8c                CurrentScreen
                0x06062f40                slCurScrn
 *fill*         0x06062f8e        0x2 00
 SLPROG         0x06062f90       0x20 ../../Compiler/SGL_302j/LIB_COFF/LIBSGL.A(sglB001.o)
                0x06062f90                slTVOn
                0x06062f9a                slTVOff
 SLPROG         0x06062fb0        0xc ../../Compiler/SGL_302j/LIB_COFF/LIBSGL.A(sglB063.o)
                0x06062fb0                slPriority
 *fill*         0x06062fbc        0x4 00
 SLPROG         0x06062fc0        0xc ../../Compiler/SGL_302j/LIB_COFF/LIBSGL.A(sglB016.o)
                0x06062fc0                slBack1ColSet
 *fill*         0x06062fcc        0x4 00
 SLPROG         0x06062fd0      0x114 ../../Compiler/SGL_302j/LIB_COFF/LIBSGL.A(sglB200.o)
                0x06062fdc                slCharNbg0
                0x06063022                slPageRbg0
                0x06063038                slPageNbg1
                0x06062fe8                slCharNbg1
                0x06063054                slPageNbg0
                0x06063040                slPageNbg2
                0x06063048                slPageNbg3
                0x06062ff4                slCharNbg2
                0x0606300a                slCharNbg3
                0x06062fd0                slCharRbg0
 *fill*         0x060630e4        0xc 00
 SLPROG         0x060630f0        0xc ../../Compiler/SGL_302j/LIB_COFF/LIBSGL.A(sglB056.o)
                0x060630f0                slPlaneNbg1
 *fill*         0x060630fc        0x4 00
 SLPROG         0x06063100       0xb4 ../../Compiler/SGL_302j/LIB_COFF/LIBSGL.A(sglB032.o)
                0x06063100                slMapNbg1
 *fill*         0x060631b4        0xc 00
 SLPROG         0x060631c0       0x24 ../../Compiler/SGL_302j/LIB_COFF/LIBSGL.A(sglB011.o)
                0x060631c0                slBitMapNbg1
 *fill*         0x060631e4        0xc 00
 SLPROG         0x060631f0        0xc ../../Compiler/SGL_302j/LIB_COFF/LIBSGL.A(sglB053.o)
                0x060631f0                slZoomNbg1
 *fill*         0x060631fc        0x4 00
 SLPROG         0x06063200      0x40c ../../Compiler/SGL_302j/LIB_COFF/LIBSGL.A(sglB015.o)
                0x06063200                slScrAutoDisp
 *fill*         0x0606360c        0x4 00
 SLPROG         0x06063610       0x1c ../../Compiler/SGL_302j/LIB_COFF/LIBSGL.A(sglF05.o)
                0x06063610                slPrint
 *fill*         0x0606362c        0x4 00
 SLPROG         0x06063630       0xa8 ../../Compiler/SGL_302j/LIB_COFF/LIBSGL.A(sglH01.o)
                0x06063690                slSetSoundOutput
                0x06063668                slSetSoundEffect
                0x0606365c                slGetSoundEffect
                0x06063684                slGetSoundOutput
                0x060636ac                slGetHelpWindow
                0x06063630                slGetLanguage
                0x0606363a                slSetLanguage
                0x060636b8                slSetHelpWindow
 *fill*         0x060636d8        0x8 00
 SLPROG         0x060636e0      0x162 ../../Compiler/SGL_302j/LIB_COFF/LIBSGL.A(sglC07.o)
                0x060636e6                slPutSprite
 *fill*         0x06063842        0xe 00
 SLPROG         0x06063850       0xfa ../../Compiler/SGL_302j/LIB_COFF/LIBSGL.A(sglC06.o)
                0x06063850                slDispSprite
 *fill*         0x0606394a        0x6 00
 SLPROG         0x06063950       0x84 ../../Compiler/SGL_302j/LIB_COFF/LIBSGL.A(sglD16.o)
                0x06063998                DMA_SCU_PRM0
                0x06063950                DMA_ScuSetPrm
 *fill*         0x060639d4        0xc 00
 SLPROG         0x060639e0       0x88 ../../Compiler/SGL_302j/LIB_COFF/LIBSGL.A(sglD17.o)
                0x060639e0                DMA_ScuStart
 *fill*         0x06063a68        0x8 00
 SLPROG         0x06063a70       0x20 ../../Compiler/SGL_302j/LIB_COFF/LIBSGL.A(sglD15.o)
                0x06063a70                CSH_Purge
 SLPROG         0x06063a90       0x34 ../../Compiler/SGL_302j/LIB_COFF/LIBSGL.A(sglD18.o)
                0x06063a90                DMA_ScuGetStatus
 *fill*         0x06063ac4        0xc 00
 SLPROG         0x06063ad0       0xa0 ../../Compiler/SGL_302j/LIB_COFF/LIBSGL.A(sglD01.o)
                0x06063ad0                slDMAXCopy
 SLPROG         0x06063b70        0xc ../../Compiler/SGL_302j/LIB_COFF/LIBSGL.A(sglD03.o)
                0x06063b70                slDMAStatus
 *fill*         0x06063b7c        0x4 00
 SLPROG         0x06063b80      0x470 ../../Compiler/SGL_302j/LIB_COFF/LIBSGL.A(sglH02.o)
                0x06063f70                smpc_pfr_tbl
                0x06063fb0                smpc_ptf_tbl
 SLPROG         0x06063ff0       0x60 ../../Compiler/SGL_302j/LIB_COFF/LIBSGL.A(sglH04.o)
                0x0606401a                slComPrmSetTime
                0x06063ff0                slComPrmIntBack
                0x06064004                slComPrmSetMemory
 SLPROG         0x06064050       0x10 ../../Compiler/SGL_302j/LIB_COFF/LIBSGL.A(sglD02.o)
                0x06064050                slDMAWait
 SLPROG         0x06064060       0x20 ../../Compiler/SGL_302j/LIB_COFF/LIBSGL.A(sglA00.o)
                0x06064074                get_imask
                0x06064060                set_imask
                0x06064060                _builtin_set_imask
                0x06064074                _builtin_get_imask
 SLPROG         0x06064080       0x74 ../../Compiler/SGL_302j/LIB_COFF/LIBSGL.A(sglJ00.o)
                0x06064080                InitSlaveSH
                0x060640e8                SlaveCommand
 *fill*         0x060640f4        0xc 00
 SLPROG         0x06064100      0x42c ../../Compiler/SGL_302j/LIB_COFF/LIBSGL.A(sglA20.o)
                0x06064100                slInitMatrix
                0x0606411e                slUnitMatrix
                0x0606410a                slPushUnitMatrix
 *fill*         0x0606452c        0x4 00
 SLPROG         0x06064530      0xbd0 ../../Compiler/SGL_302j/LIB_COFF/LIBSGL.A(sglB000.o)
                0x06064530                slInitScroll
                0x06064790                TVSizeTbl
                0x06064680                setASC_4to8
                0x06064810                TVModeTbl
                0x06064650                setASC_1to8
                0x060649e8                SGL_ASCII_CG
 SLPROG         0x06065100      0x3d0 ../../Compiler/SGL_302j/LIB_COFF/LIBSGL.A(sglJ01.o)
                0x06065100                SlaveControl
                0x060654bc                ErasePolygonData
 SLPROG         0x060654d0      0x75c ../../Compiler/SGL_302j/LIB_COFF/LIBSGL.A(sglI00.o)
                0x060657c0                slInitInterrupt
 *fill*         0x06065c2c        0x4 00
 SLPROG         0x06065c30      0x134 ../../Compiler/SGL_302j/LIB_COFF/LIBSGL.A(sglC00.o)
                0x06065c30                slInitSprite
 *fill*         0x06065d64        0xc 00
 SLPROG         0x06065d70       0xd4 ../../Compiler/SGL_302j/LIB_COFF/LIBSGL.A(sglB035.o)
                0x06065d70                sl1MapRA
                0x06065e02                rbank_set
 *fill*         0x06065e44        0xc 00
 SLPROG         0x06065e50     0x411e ../../Compiler/SGL_302j/LIB_COFF/LIBSGL.A(sglA01.o)
                0x06065f2c                sin_cos_index_tbl
                0x06065e50                slSin
                0x06065f6c                sin_tbl
                0x06065e98                GetSinCos
                0x06065e74                slCos
 *fill*         0x06069f6e        0x2 00
 SLPROG         0x06069f70       0x40 ../../Compiler/SGL_302j/LIB_COFF/LIBSGL.A(sglC20.o)
                0x06069f70                SpriteEntry
 SLPROG         0x06069fb0      0x140 ../../Compiler/SGL_302j/LIB_COFF/LIBSGL.A(sglJ03.o)
                0x06069fb0                sbMakeDMATable
 SLPROG         0x0606a0f0     0x12b8 ../../Compiler/SGL_302j/LIB_COFF/LIBSGL.A(sglJ02.o)
                0x0606b324                stvtc_1
                0x0606b05c                stvtc_4
                0x0606b01c                SetPolygon
                0x0606b114                stvtc_3
                0x0606b34c                stvtc_0
                0x0606b024                SetPosition
                0x0606a2d8                sbCalcPolygon
                0x0606b010                SetTexture
                0x0606a0f0                sbMakePolygon
                0x0606b338                stvtc_2
 *fill*         0x0606b3a8        0x8 00
 SLPROG         0x0606b3b0      0x470 ../../Compiler/SGL_302j/LIB_COFF/LIBSGL.A(sglJ04.o)
                0x0606b474                sbMakeRotSprite
                0x0606b40e                sbMakeSprite
 SLPROG         0x0606b820       0x3c ../../Compiler/SGL_302j/LIB_COFF/LIBSGL.A(sglJ05.o)
                0x0606b820                sbSortEntry
 *fill*         0x0606b85c        0x4 00
 SLPROG         0x0606b860       0xf0 ../../Compiler/SGL_302j/LIB_COFF/LIBSGL.A(sglH03.o)
                0x0606b8c4                slSmpcIntBack
 SLPROG         0x0606b950       0x6a ../../Compiler/SGL_302j/LIB_COFF/LIBSGL.A(sglM01.o)
                0x0606b97c                slSetDepthTbl
                0x0606b9ac                DepthWorkArea
                0x0606b950                slSetDepthLimit
                0x0606b9ba                __slprog_end = .

.tors           0x0606b9c0        0x0
                0x0606b9c0                ___ctors = .
 *(.ctors)
                0x0606b9c0                ___ctors_end = .
                0x0606b9c0                ___dtors = .
 *(.dtors)
                0x0606b9c0                ___dtors_end = .

.data           0x0606b9c0     0x7670
 *(.data)
 .data          0x0606b9c0       0x10 main.o
 .data          0x0606b9d0     0x6830 ../../jo_engine/audio.o
                0x0606b9d0                sddrvstsk
 .data          0x06072200       0x10 ../../jo_engine/fs.o
 .data          0x06072210      0x5b0 ../../jo_engine/math.o
                0x06072210                JoCosLookupTable
 .data          0x060727c0       0x30 ../../jo_engine/sprites.o
                0x060727d0                __jo_sprite_attributes
                0x060727c4                __jo_sprite_pos
                0x060727c0                __jo_gouraud_shading_runtime_index
 .data          0x060727f0       0x10 ../../jo_engine/sprite_animator.o
 .data          0x06072800       0x80 ../../Compiler/SGL_302j/LIB_COFF/LIBSGL.A(sglIc0.o)
                0x06072800                IntPrioMask
 .data          0x06072880      0x380 m:/joengine-master/compiler/sh_coff/sh-coff/bin/../lib/gcc/sh-coff/4.0-GNUSH_v0601/../../../../sh-coff/lib\libc.a(impure.o)
                0x06072bfc                _impure_ptr
 .data          0x06072c00       0x20 m:/joengine-master/compiler/sh_coff/sh-coff/bin/../lib/gcc/sh-coff/4.0-GNUSH_v0601/../../../../sh-coff/lib\libc.a(locale.o)
                0x06072c0c                __mb_cur_max
                0x06072c00                __lc_ctype
 .data          0x06072c20      0x410 m:/joengine-master/compiler/sh_coff/sh-coff/bin/../lib/gcc/sh-coff/4.0-GNUSH_v0601/../../../../sh-coff/lib\libc.a(mallocr.o)
                0x06072c28                __malloc_av_
                0x06072c24                __malloc_trim_threshold
                0x06072c20                __malloc_sbrk_base
                0x06073030                __edata = .

.bss            0x06073030    0x43d94
                0x06073030                __bstart = .
 *(.bss)
 .bss           0x06073030       0x80 main.o
 .bss           0x060730b0     0x2590 ../../jo_engine/fs.o
 .bss           0x06075640    0x40030 ../../jo_engine/core.o
                0x06075640                __jo_slave_done_flag
 .bss           0x060b5670       0x80 ../../jo_engine/malloc.o
 .bss           0x060b56f0       0x10 ../../jo_engine/sprites.o
 .bss           0x060b5700       0x50 ../../jo_engine/map.o
 .bss           0x060b5750       0x10 ../../jo_engine/sprite_animator.o
 .bss           0x060b5760       0x10 ../../jo_engine/time.o
 .bss           0x060b5770        0x4 ../../Compiler/SGL_302j/LIB_COFF/SEGA_SYS.A(sys_exit.o)
 *fill*         0x060b5774        0xc 00
 .bss           0x060b5780        0x2 ../../Compiler/SGL_302j/LIB_COFF/LIBCD.A(CDC_REG.O)
 *fill*         0x060b5782        0xe 00
 .bss           0x060b5790        0xc ../../Compiler/SGL_302j/LIB_COFF/LIBCD.A(CDC_SUB.O)
 *fill*         0x060b579c        0x4 00
 .bss           0x060b57a0        0xc ../../Compiler/SGL_302j/LIB_COFF/LIBCD.A(GFS_TRN.O)
 *fill*         0x060b57ac        0x4 00
 .bss           0x060b57b0       0x10 m:/joengine-master/compiler/sh_coff/sh-coff/bin/../lib/gcc/sh-coff/4.0-GNUSH_v0601\libgcc.a(__main.o)
 .bss           0x060b57c0       0x10 m:/joengine-master/compiler/sh_coff/sh-coff/bin/../lib/gcc/sh-coff/4.0-GNUSH_v0601/../../../../sh-coff/lib\libc.a(atexit.o)
 .bss           0x060b57d0       0x10 m:/joengine-master/compiler/sh_coff/sh-coff/bin/../lib/gcc/sh-coff/4.0-GNUSH_v0601/../../../../sh-coff/lib\libc.a(locale.o)
                0x060b57d4                __mlocale_changed
                0x060b57d0                _PathLocale
                0x060b57d8                __nlocale_changed
 .bss           0x060b57e0       0x40 m:/joengine-master/compiler/sh_coff/sh-coff/bin/../lib/gcc/sh-coff/4.0-GNUSH_v0601/../../../../sh-coff/lib\libc.a(mallocr.o)
                0x060b5810                __malloc_top_pad
                0x060b57e0                __malloc_current_mallinfo
                0x060b580c                __malloc_max_sbrked_mem
                0x060b5808                __malloc_max_total_mem
 .bss           0x060b5820       0x10 m:/joengine-master/compiler/sh_coff/sh-coff/bin/../lib/gcc/sh-coff/4.0-GNUSH_v0601/../../../../sh-coff/lib\libc.a(syscalls.o)
 *(COMMON)
 COMMON         0x060b5830        0x4 ../../jo_engine/fs.o
                0x060b5830                __jo_fs_background_job_count
 *fill*         0x060b5834        0xc 00
 COMMON         0x060b5840       0x10 ../../jo_engine/storyboard.o
                0x060b5840                __storyboards
 COMMON         0x060b5850       0x40 ../../jo_engine/core.o
                0x060b5850                __jo_last_error
 COMMON         0x060b5890       0x40 ../../jo_engine/tools.o
                0x060b5890                __jo_sprintf_buf
 COMMON         0x060b58d0     0x13f8 ../../jo_engine/sprites.o
                0x060b58d0                __jo_sprite_def
                0x060b60d0                __jo_hash_table
                0x060b64d0                __jo_sprite_pic
 *fill*         0x060b6cc8        0x8 00
 COMMON         0x060b6cd0       0xc0 ../../jo_engine/sprite_animator.o
                0x060b6cd0                __jo_sprite_anim_tab
 COMMON         0x060b6d90        0xc ../../Compiler/SGL_302j/LIB_COFF/LIBCD.A(GFS.O)
                0x060b6d90                GFMC_base
                0x060b6d94                gfs_mng_ptr
                0x060b6d98                gfs_use_scudma
 *fill*         0x060b6d9c        0x4 00
 COMMON         0x060b6da0        0x8 ../../Compiler/SGL_302j/LIB_COFF/LIBCD.A(GFS_CDF.O)
                0x060b6da0                gfcf_fad
                0x060b6da4                gfcf_stat
 *fill*         0x060b6da8        0x8 00
 COMMON         0x060b6db0        0xc ../../Compiler/SGL_302j/LIB_COFF/LIBCD.A(GFS_CDC.O)
                0x060b6db0                gfcd_fatal_err
                0x060b6db4                gfcd_work
                0x060b6db8                gfcd_playflag
 *fill*         0x060b6dbc        0x4 00
 COMMON         0x060b6dc0        0x4 m:/joengine-master/compiler/sh_coff/sh-coff/bin/../lib/gcc/sh-coff/4.0-GNUSH_v0601/../../../../sh-coff/lib\libc.a(syscalls.o)
                0x060b6dc0                errno
                0x060b6dc4                __bend = .
                0x060b6dc4                _end = .
LOAD ../../Compiler/SGL_302j/LIB_COFF/SGLAREA.O
LOAD main.o
LOAD ../../jo_engine/tga.o
LOAD ../../jo_engine/audio.o
LOAD ../../jo_engine/fs.o
LOAD ../../jo_engine/storyboard.o
LOAD ../../jo_engine/font.o
LOAD ../../jo_engine/input.o
LOAD ../../jo_engine/physics.o
LOAD ../../jo_engine/core.o
LOAD ../../jo_engine/math.o
LOAD ../../jo_engine/malloc.o
LOAD ../../jo_engine/tools.o
LOAD ../../jo_engine/sprites.o
LOAD ../../jo_engine/map.o
LOAD ../../jo_engine/list.o
LOAD ../../jo_engine/sprite_animator.o
LOAD ../../jo_engine/image.o
LOAD ../../jo_engine/background.o
LOAD ../../jo_engine/time.o
LOAD ../../jo_engine/vdp1_command_pipeline.o
LOAD ../../Compiler/SGL_302j/LIB_COFF/SEGA_SYS.A
LOAD ../../Compiler/SGL_302j/LIB_COFF/LIBCD.A
LOAD ../../Compiler/SGL_302j/LIB_COFF/LIBSGL.A
LOAD m:/joengine-master/compiler/sh_coff/sh-coff/bin/../lib/gcc/sh-coff/4.0-GNUSH_v0601\libgcc.a
LOAD m:/joengine-master/compiler/sh_coff/sh-coff/bin/../lib/gcc/sh-coff/4.0-GNUSH_v0601/../../../../sh-coff/lib\libc.a
LOAD m:/joengine-master/compiler/sh_coff/sh-coff/bin/../lib/gcc/sh-coff/4.0-GNUSH_v0601\libgcc.a
OUTPUT(sl_coff.coff coff-sh)

.comment        0x060b6dd0      0x9a0
 .comment       0x060b6dd0       0x20 m:/joengine-master/compiler/sh_coff/sh-coff/bin/../lib/gcc/sh-coff/4.0-GNUSH_v0601\libgcc.a(_si_to_sf.o)
 .comment       0x060b6df0       0x20 m:/joengine-master/compiler/sh_coff/sh-coff/bin/../lib/gcc/sh-coff/4.0-GNUSH_v0601\libgcc.a(_mul_sf.o)
 .comment       0x060b6e10       0x20 m:/joengine-master/compiler/sh_coff/sh-coff/bin/../lib/gcc/sh-coff/4.0-GNUSH_v0601\libgcc.a(_sf_to_si.o)
 .comment       0x060b6e30       0x20 m:/joengine-master/compiler/sh_coff/sh-coff/bin/../lib/gcc/sh-coff/4.0-GNUSH_v0601\libgcc.a(__main.o)
 .comment       0x060b6e50       0x20 m:/joengine-master/compiler/sh_coff/sh-coff/bin/../lib/gcc/sh-coff/4.0-GNUSH_v0601\libgcc.a(_le_sf.o)
 .comment       0x060b6e70       0x20 m:/joengine-master/compiler/sh_coff/sh-coff/bin/../lib/gcc/sh-coff/4.0-GNUSH_v0601\libgcc.a(_ge_sf.o)
 .comment       0x060b6e90       0x20 m:/joengine-master/compiler/sh_coff/sh-coff/bin/../lib/gcc/sh-coff/4.0-GNUSH_v0601\libgcc.a(_gt_sf.o)
 .comment       0x060b6eb0       0x20 m:/joengine-master/compiler/sh_coff/sh-coff/bin/../lib/gcc/sh-coff/4.0-GNUSH_v0601\libgcc.a(_div_sf.o)
 .comment       0x060b6ed0       0x20 m:/joengine-master/compiler/sh_coff/sh-coff/bin/../lib/gcc/sh-coff/4.0-GNUSH_v0601\libgcc.a(_lt_sf.o)
 .comment       0x060b6ef0       0x20 m:/joengine-master/compiler/sh_coff/sh-coff/bin/../lib/gcc/sh-coff/4.0-GNUSH_v0601\libgcc.a(_addsub_sf.o)
 .comment       0x060b6f10       0x20 m:/joengine-master/compiler/sh_coff/sh-coff/bin/../lib/gcc/sh-coff/4.0-GNUSH_v0601\libgcc.a(_sf_to_df.o)
 .comment       0x060b6f30       0x20 m:/joengine-master/compiler/sh_coff/sh-coff/bin/../lib/gcc/sh-coff/4.0-GNUSH_v0601\libgcc.a(_df_to_sf.o)
 .comment       0x060b6f50       0x20 m:/joengine-master/compiler/sh_coff/sh-coff/bin/../lib/gcc/sh-coff/4.0-GNUSH_v0601\libgcc.a(_addsub_df.o)
 .comment       0x060b6f70       0x20 m:/joengine-master/compiler/sh_coff/sh-coff/bin/../lib/gcc/sh-coff/4.0-GNUSH_v0601\libgcc.a(_si_to_df.o)
 .comment       0x060b6f90       0x20 m:/joengine-master/compiler/sh_coff/sh-coff/bin/../lib/gcc/sh-coff/4.0-GNUSH_v0601\libgcc.a(_mul_df.o)
 .comment       0x060b6fb0       0x20 m:/joengine-master/compiler/sh_coff/sh-coff/bin/../lib/gcc/sh-coff/4.0-GNUSH_v0601\libgcc.a(_div_df.o)
 .comment       0x060b6fd0       0x20 m:/joengine-master/compiler/sh_coff/sh-coff/bin/../lib/gcc/sh-coff/4.0-GNUSH_v0601\libgcc.a(_df_to_si.o)
 .comment       0x060b6ff0       0x20 m:/joengine-master/compiler/sh_coff/sh-coff/bin/../lib/gcc/sh-coff/4.0-GNUSH_v0601\libgcc.a(_pack_sf.o)
 .comment       0x060b7010       0x20 m:/joengine-master/compiler/sh_coff/sh-coff/bin/../lib/gcc/sh-coff/4.0-GNUSH_v0601\libgcc.a(_unpack_sf.o)
 .comment       0x060b7030       0x20 m:/joengine-master/compiler/sh_coff/sh-coff/bin/../lib/gcc/sh-coff/4.0-GNUSH_v0601\libgcc.a(_muldi3.o)
 .comment       0x060b7050       0x20 m:/joengine-master/compiler/sh_coff/sh-coff/bin/../lib/gcc/sh-coff/4.0-GNUSH_v0601\libgcc.a(_thenan_sf.o)
 .comment       0x060b7070       0x20 m:/joengine-master/compiler/sh_coff/sh-coff/bin/../lib/gcc/sh-coff/4.0-GNUSH_v0601\libgcc.a(_fpcmp_parts_sf.o)
 .comment       0x060b7090       0x20 m:/joengine-master/compiler/sh_coff/sh-coff/bin/../lib/gcc/sh-coff/4.0-GNUSH_v0601\libgcc.a(_make_df.o)
 .comment       0x060b70b0       0x20 m:/joengine-master/compiler/sh_coff/sh-coff/bin/../lib/gcc/sh-coff/4.0-GNUSH_v0601\libgcc.a(_unpack_df.o)
 .comment       0x060b70d0       0x20 m:/joengine-master/compiler/sh_coff/sh-coff/bin/../lib/gcc/sh-coff/4.0-GNUSH_v0601\libgcc.a(_make_sf.o)
 .comment       0x060b70f0       0x20 m:/joengine-master/compiler/sh_coff/sh-coff/bin/../lib/gcc/sh-coff/4.0-GNUSH_v0601\libgcc.a(_thenan_df.o)
 .comment       0x060b7110       0x20 m:/joengine-master/compiler/sh_coff/sh-coff/bin/../lib/gcc/sh-coff/4.0-GNUSH_v0601\libgcc.a(_pack_df.o)
 .comment       0x060b7130       0x20 m:/joengine-master/compiler/sh_coff/sh-coff/bin/../lib/gcc/sh-coff/4.0-GNUSH_v0601/../../../../sh-coff/lib\libc.a(sprintf.o)
 .comment       0x060b7150       0x20 m:/joengine-master/compiler/sh_coff/sh-coff/bin/../lib/gcc/sh-coff/4.0-GNUSH_v0601/../../../../sh-coff/lib\libc.a(memcmp.o)
 .comment       0x060b7170       0x20 m:/joengine-master/compiler/sh_coff/sh-coff/bin/../lib/gcc/sh-coff/4.0-GNUSH_v0601/../../../../sh-coff/lib\libc.a(strncmp.o)
 .comment       0x060b7190       0x20 m:/joengine-master/compiler/sh_coff/sh-coff/bin/../lib/gcc/sh-coff/4.0-GNUSH_v0601/../../../../sh-coff/lib\libc.a(strncpy.o)
 .comment       0x060b71b0       0x20 m:/joengine-master/compiler/sh_coff/sh-coff/bin/../lib/gcc/sh-coff/4.0-GNUSH_v0601/../../../../sh-coff/lib\libc.a(atexit.o)
 .comment       0x060b71d0       0x20 m:/joengine-master/compiler/sh_coff/sh-coff/bin/../lib/gcc/sh-coff/4.0-GNUSH_v0601/../../../../sh-coff/lib\libc.a(vfprintf.o)
 .comment       0x060b71f0       0x20 m:/joengine-master/compiler/sh_coff/sh-coff/bin/../lib/gcc/sh-coff/4.0-GNUSH_v0601/../../../../sh-coff/lib\libc.a(impure.o)
 .comment       0x060b7210       0x20 m:/joengine-master/compiler/sh_coff/sh-coff/bin/../lib/gcc/sh-coff/4.0-GNUSH_v0601/../../../../sh-coff/lib\libc.a(malloc.o)
 .comment       0x060b7230       0x20 m:/joengine-master/compiler/sh_coff/sh-coff/bin/../lib/gcc/sh-coff/4.0-GNUSH_v0601/../../../../sh-coff/lib\libc.a(fvwrite.o)
 .comment       0x060b7250       0x20 m:/joengine-master/compiler/sh_coff/sh-coff/bin/../lib/gcc/sh-coff/4.0-GNUSH_v0601/../../../../sh-coff/lib\libc.a(locale.o)
 .comment       0x060b7270       0x20 m:/joengine-master/compiler/sh_coff/sh-coff/bin/../lib/gcc/sh-coff/4.0-GNUSH_v0601/../../../../sh-coff/lib\libc.a(freer.o)
 .comment       0x060b7290       0x20 m:/joengine-master/compiler/sh_coff/sh-coff/bin/../lib/gcc/sh-coff/4.0-GNUSH_v0601/../../../../sh-coff/lib\libc.a(findfp.o)
 .comment       0x060b72b0       0x20 m:/joengine-master/compiler/sh_coff/sh-coff/bin/../lib/gcc/sh-coff/4.0-GNUSH_v0601/../../../../sh-coff/lib\libc.a(fflush.o)
 .comment       0x060b72d0       0x20 m:/joengine-master/compiler/sh_coff/sh-coff/bin/../lib/gcc/sh-coff/4.0-GNUSH_v0601/../../../../sh-coff/lib\libc.a(wsetup.o)
 .comment       0x060b72f0       0x20 m:/joengine-master/compiler/sh_coff/sh-coff/bin/../lib/gcc/sh-coff/4.0-GNUSH_v0601/../../../../sh-coff/lib\libc.a(wcrtomb.o)
 .comment       0x060b7310       0x20 m:/joengine-master/compiler/sh_coff/sh-coff/bin/../lib/gcc/sh-coff/4.0-GNUSH_v0601/../../../../sh-coff/lib\libc.a(s_isinf.o)
 .comment       0x060b7330       0x20 m:/joengine-master/compiler/sh_coff/sh-coff/bin/../lib/gcc/sh-coff/4.0-GNUSH_v0601/../../../../sh-coff/lib\libc.a(memchr.o)
 .comment       0x060b7350       0x20 m:/joengine-master/compiler/sh_coff/sh-coff/bin/../lib/gcc/sh-coff/4.0-GNUSH_v0601/../../../../sh-coff/lib\libc.a(mallocr.o)
 .comment       0x060b7370       0x20 m:/joengine-master/compiler/sh_coff/sh-coff/bin/../lib/gcc/sh-coff/4.0-GNUSH_v0601/../../../../sh-coff/lib\libc.a(wcsrtombs.o)
 .comment       0x060b7390       0x20 m:/joengine-master/compiler/sh_coff/sh-coff/bin/../lib/gcc/sh-coff/4.0-GNUSH_v0601/../../../../sh-coff/lib\libc.a(s_isnan.o)
 .comment       0x060b73b0       0x20 m:/joengine-master/compiler/sh_coff/sh-coff/bin/../lib/gcc/sh-coff/4.0-GNUSH_v0601/../../../../sh-coff/lib\libc.a(dtoa.o)
 .comment       0x060b73d0       0x20 m:/joengine-master/compiler/sh_coff/sh-coff/bin/../lib/gcc/sh-coff/4.0-GNUSH_v0601/../../../../sh-coff/lib\libc.a(memmove.o)
 .comment       0x060b73f0       0x20 m:/joengine-master/compiler/sh_coff/sh-coff/bin/../lib/gcc/sh-coff/4.0-GNUSH_v0601/../../../../sh-coff/lib\libc.a(reallocr.o)
 .comment       0x060b7410       0x20 m:/joengine-master/compiler/sh_coff/sh-coff/bin/../lib/gcc/sh-coff/4.0-GNUSH_v0601/../../../../sh-coff/lib\libc.a(mlock.o)
 .comment       0x060b7430       0x20 m:/joengine-master/compiler/sh_coff/sh-coff/bin/../lib/gcc/sh-coff/4.0-GNUSH_v0601/../../../../sh-coff/lib\libc.a(sbrkr.o)
 .comment       0x060b7450       0x20 m:/joengine-master/compiler/sh_coff/sh-coff/bin/../lib/gcc/sh-coff/4.0-GNUSH_v0601/../../../../sh-coff/lib\libc.a(stdio.o)
 .comment       0x060b7470       0x20 m:/joengine-master/compiler/sh_coff/sh-coff/bin/../lib/gcc/sh-coff/4.0-GNUSH_v0601/../../../../sh-coff/lib\libc.a(fclose.o)
 .comment       0x060b7490       0x20 m:/joengine-master/compiler/sh_coff/sh-coff/bin/../lib/gcc/sh-coff/4.0-GNUSH_v0601/../../../../sh-coff/lib\libc.a(fwalk.o)
 .comment       0x060b74b0       0x20 m:/joengine-master/compiler/sh_coff/sh-coff/bin/../lib/gcc/sh-coff/4.0-GNUSH_v0601/../../../../sh-coff/lib\libc.a(makebuf.o)
 .comment       0x060b74d0       0x20 m:/joengine-master/compiler/sh_coff/sh-coff/bin/../lib/gcc/sh-coff/4.0-GNUSH_v0601/../../../../sh-coff/lib\libc.a(wctomb_r.o)
 .comment       0x060b74f0       0x20 m:/joengine-master/compiler/sh_coff/sh-coff/bin/../lib/gcc/sh-coff/4.0-GNUSH_v0601/../../../../sh-coff/lib\libc.a(mprec.o)
 .comment       0x060b7510       0x20 m:/joengine-master/compiler/sh_coff/sh-coff/bin/../lib/gcc/sh-coff/4.0-GNUSH_v0601/../../../../sh-coff/lib\libc.a(syscalls.o)
 .comment       0x060b7530       0x20 m:/joengine-master/compiler/sh_coff/sh-coff/bin/../lib/gcc/sh-coff/4.0-GNUSH_v0601/../../../../sh-coff/lib\libc.a(readr.o)
 .comment       0x060b7550       0x20 m:/joengine-master/compiler/sh_coff/sh-coff/bin/../lib/gcc/sh-coff/4.0-GNUSH_v0601/../../../../sh-coff/lib\libc.a(writer.o)
 .comment       0x060b7570       0x20 m:/joengine-master/compiler/sh_coff/sh-coff/bin/../lib/gcc/sh-coff/4.0-GNUSH_v0601/../../../../sh-coff/lib\libc.a(lseekr.o)
 .comment       0x060b7590       0x20 m:/joengine-master/compiler/sh_coff/sh-coff/bin/../lib/gcc/sh-coff/4.0-GNUSH_v0601/../../../../sh-coff/lib\libc.a(closer.o)
 .comment       0x060b75b0       0x20 m:/joengine-master/compiler/sh_coff/sh-coff/bin/../lib/gcc/sh-coff/4.0-GNUSH_v0601/../../../../sh-coff/lib\libc.a(fstatr.o)
 .comment       0x060b75d0       0x20 m:/joengine-master/compiler/sh_coff/sh-coff/bin/../lib/gcc/sh-coff/4.0-GNUSH_v0601/../../../../sh-coff/lib\libc.a(callocr.o)
 .comment       0x060b75f0       0x20 m:/joengine-master/compiler/sh_coff/sh-coff/bin/../lib/gcc/sh-coff/4.0-GNUSH_v0601/../../../../sh-coff/lib\libc.a(abort.o)
 .comment       0x060b7610       0x20 m:/joengine-master/compiler/sh_coff/sh-coff/bin/../lib/gcc/sh-coff/4.0-GNUSH_v0601/../../../../sh-coff/lib\libc.a(signal.o)
 .comment       0x060b7630       0x20 m:/joengine-master/compiler/sh_coff/sh-coff/bin/../lib/gcc/sh-coff/4.0-GNUSH_v0601/../../../../sh-coff/lib\libc.a(signalr.o)
 .comment       0x060b7650       0x20 m:/joengine-master/compiler/sh_coff/sh-coff/bin/../lib/gcc/sh-coff/4.0-GNUSH_v0601\libgcc.a(_eq_df.o)
 .comment       0x060b7670       0x20 m:/joengine-master/compiler/sh_coff/sh-coff/bin/../lib/gcc/sh-coff/4.0-GNUSH_v0601\libgcc.a(_ne_df.o)
 .comment       0x060b7690       0x20 m:/joengine-master/compiler/sh_coff/sh-coff/bin/../lib/gcc/sh-coff/4.0-GNUSH_v0601\libgcc.a(_lt_df.o)
 .comment       0x060b76b0       0x20 m:/joengine-master/compiler/sh_coff/sh-coff/bin/../lib/gcc/sh-coff/4.0-GNUSH_v0601\libgcc.a(_udivdi3.o)
 .comment       0x060b76d0       0x20 m:/joengine-master/compiler/sh_coff/sh-coff/bin/../lib/gcc/sh-coff/4.0-GNUSH_v0601\libgcc.a(_umoddi3.o)
 .comment       0x060b76f0       0x20 m:/joengine-master/compiler/sh_coff/sh-coff/bin/../lib/gcc/sh-coff/4.0-GNUSH_v0601\libgcc.a(_gt_df.o)
 .comment       0x060b7710       0x20 m:/joengine-master/compiler/sh_coff/sh-coff/bin/../lib/gcc/sh-coff/4.0-GNUSH_v0601\libgcc.a(_ge_df.o)
 .comment       0x060b7730       0x20 m:/joengine-master/compiler/sh_coff/sh-coff/bin/../lib/gcc/sh-coff/4.0-GNUSH_v0601\libgcc.a(_fpcmp_parts_df.o)
 .comment       0x060b7750       0x20 m:/joengine-master/compiler/sh_coff/sh-coff/bin/../lib/gcc/sh-coff/4.0-GNUSH_v0601\libgcc.a(_clz.o)
